Component: ARM Compiler 5.06 update 4 (build 422) Tool: armlink [4d35d2]

==============================================================================

Section Cross References

    main.o(i.TIM3_IRQHandler) refers to stm32f10x_tim.o(i.TIM_GetITStatus) for TIM_GetITStatus
    main.o(i.TIM3_IRQHandler) refers to stm32f10x_tim.o(i.TIM_ClearITPendingBit) for TIM_ClearITPendingBit
    main.o(i.TIM3_IRQHandler) refers to main.o(.data) for .data
    main.o(i.TIM3_Init) refers to stm32f10x_rcc.o(i.RCC_APB1PeriphClockCmd) for RCC_APB1PeriphClockCmd
    main.o(i.TIM3_Init) refers to stm32f10x_tim.o(i.TIM_TimeBaseStructInit) for TIM_TimeBaseStructInit
    main.o(i.TIM3_Init) refers to stm32f10x_tim.o(i.TIM_OCStructInit) for TIM_OCStructInit
    main.o(i.TIM3_Init) refers to stm32f10x_tim.o(i.TIM_TimeBaseInit) for TIM_TimeBaseInit
    main.o(i.TIM3_Init) refers to stm32f10x_tim.o(i.TIM_ITConfig) for TIM_ITConfig
    main.o(i.TIM3_Init) refers to stm32f10x_tim.o(i.TIM_Cmd) for TIM_Cmd
    main.o(i.TIM3_Init) refers to misc.o(i.NVIC_Init) for NVIC_Init
    main.o(i.TIM3_Init) refers to system_stm32f10x.o(.data) for SystemCoreClock
    main.o(i.main) refers to _printf_percent.o(.ARM.Collect$$_printf_percent$$00000000) for _printf_percent
    main.o(i.main) refers to _printf_i.o(.ARM.Collect$$_printf_percent$$00000008) for _printf_i
    main.o(i.main) refers to _printf_dec.o(.text) for _printf_int_dec
    main.o(i.main) refers to sr04.o(i.new_sensSR04) for new_sensSR04
    main.o(i.main) refers to usart.o(i.new_SimpleUSART) for new_SimpleUSART
    main.o(i.main) refers to batterymeasure.o(i.new_SimpleBatteryMeasure) for new_SimpleBatteryMeasure
    main.o(i.main) refers to delay.o(i.delay_init) for delay_init
    main.o(i.main) refers to main.o(i.TIM3_Init) for TIM3_Init
    main.o(i.main) refers to ble.o(i.new_BleCon) for new_BleCon
    main.o(i.main) refers to delay.o(i.delay_ms) for delay_ms
    main.o(i.main) refers to strstr.o(.text) for strstr
    main.o(i.main) refers to __2snprintf.o(.text) for __2snprintf
    main.o(i.main) refers to system_stm32f10x.o(.data) for SystemCoreClock
    main.o(i.main) refers to main.o(.data) for .data
    sr04.o(i.EXTI9_5_IRQHandler) refers to stm32f10x_tim.o(i.TIM_SetCounter) for TIM_SetCounter
    sr04.o(i.EXTI9_5_IRQHandler) refers to stm32f10x_tim.o(i.TIM_GetCounter) for TIM_GetCounter
    sr04.o(i.EXTI9_5_IRQHandler) refers to dflt_clz.o(x$fpl$dfltu) for __aeabi_ui2d
    sr04.o(i.EXTI9_5_IRQHandler) refers to dmul.o(x$fpl$dmul) for __aeabi_dmul
    sr04.o(i.EXTI9_5_IRQHandler) refers to d2f.o(x$fpl$d2f) for __aeabi_d2f
    sr04.o(i.EXTI9_5_IRQHandler) refers to sr04.o(.data) for .data
    sr04.o(i.SR04Init) refers to stm32f10x_gpio.o(i.GPIO_ResetBits) for GPIO_ResetBits
    sr04.o(i.SR04Init) refers to stm32f10x_exti.o(i.EXTI_Init) for EXTI_Init
    sr04.o(i.SR04Init) refers to misc.o(i.NVIC_Init) for NVIC_Init
    sr04.o(i.SR04check) refers to sr04.o(i.SR04read) for SR04read
    sr04.o(i.SR04check) refers to faddsub_clz.o(x$fpl$fadd) for __aeabi_fadd
    sr04.o(i.SR04check) refers to delay.o(i.delay_ms) for delay_ms
    sr04.o(i.SR04check) refers to fflt_clz.o(x$fpl$ffltu) for __aeabi_ui2f
    sr04.o(i.SR04check) refers to fdiv.o(x$fpl$fdiv) for __aeabi_fdiv
    sr04.o(i.SR04check) refers to ffix.o(x$fpl$ffix) for __aeabi_f2iz
    sr04.o(i.SR04check) refers to fflt_clz.o(x$fpl$fflt) for __aeabi_i2f
    sr04.o(i.SR04check) refers to fleqf.o(x$fpl$fleqf) for __aeabi_cfcmple
    sr04.o(i.SR04read) refers to delay.o(i.delay_us) for delay_us
    sr04.o(i.SR04read) refers to sr04.o(.data) for .data
    sr04.o(i.SR04register) refers to sr04.o(i.SR04check) for SR04check
    sr04.o(i.SR04register) refers to delay.o(i.delay_us) for delay_us
    sr04.o(i.TIM2_Init) refers to stm32f10x_rcc.o(i.RCC_APB1PeriphClockCmd) for RCC_APB1PeriphClockCmd
    sr04.o(i.TIM2_Init) refers to stm32f10x_tim.o(i.TIM_TimeBaseStructInit) for TIM_TimeBaseStructInit
    sr04.o(i.TIM2_Init) refers to stm32f10x_tim.o(i.TIM_OCStructInit) for TIM_OCStructInit
    sr04.o(i.TIM2_Init) refers to stm32f10x_tim.o(i.TIM_TimeBaseInit) for TIM_TimeBaseInit
    sr04.o(i.TIM2_Init) refers to stm32f10x_tim.o(i.TIM_Cmd) for TIM_Cmd
    sr04.o(i.TIM2_Init) refers to system_stm32f10x.o(.data) for SystemCoreClock
    sr04.o(i.new_sensSR04) refers to h1_alloc.o(.text) for malloc
    sr04.o(i.new_sensSR04) refers to sr04.o(i.SR04Init) for SR04Init
    sr04.o(i.new_sensSR04) refers to sr04.o(i.SR04read) for SR04read
    sr04.o(i.new_sensSR04) refers to sr04.o(i.SR04check) for SR04check
    sr04.o(i.new_sensSR04) refers to sr04.o(i.SR04register) for SR04register
    sr04.o(i.new_sensSR04) refers to sr04.o(i.TIM2_Init) for TIM2_Init
    usart.o(i.USART1_IRQHandler) refers to usart.o(.data) for .data
    usart.o(i.USART2_IRQHandler) refers to usart.o(.data) for .data
    usart.o(i.USARTgetc) refers to usart.o(.data) for .data
    usart.o(i.USARTgetstr) refers to delay.o(i.delay_ms) for delay_ms
[...]
    ../fplib/dflt.s                          0x00000000   Number         0  dflt_clz.o ABSOLUTE
    ../fplib/dmul.s                          0x00000000   Number         0  dmul.o ABSOLUTE
    ../fplib/dnaninf.s                       0x00000000   Number         0  dnaninf.o ABSOLUTE
    ../fplib/dretinf.s                       0x00000000   Number         0  dretinf.o ABSOLUTE
    ../fplib/faddsub.s                       0x00000000   Number         0  faddsub_clz.o ABSOLUTE
    ../fplib/fcheck1.s                       0x00000000   Number         0  fcheck1.o ABSOLUTE
    ../fplib/fcmpi.s                         0x00000000   Number         0  fcmpi.o ABSOLUTE
    ../fplib/fdiv.s                          0x00000000   Number         0  fdiv.o ABSOLUTE
    ../fplib/ffix.s                          0x00000000   Number         0  ffix.o ABSOLUTE
    ../fplib/ffixu.s                         0x00000000   Number         0  ffixu.o ABSOLUTE
    ../fplib/fflt.s                          0x00000000   Number         0  fflt_clz.o ABSOLUTE
    ../fplib/fleqf.s                         0x00000000   Number         0  fleqf.o ABSOLUTE
    ../fplib/fmul.s                          0x00000000   Number         0  fmul.o ABSOLUTE
    ../fplib/fnaninf.s                       0x00000000   Number         0  fnaninf.o ABSOLUTE
    ../fplib/fpinit.s                        0x00000000   Number         0  fpinit.o ABSOLUTE
    ../fplib/fretinf.s                       0x00000000   Number         0  fretinf.o ABSOLUTE
    ../fplib/retnan.s                        0x00000000   Number         0  retnan.o ABSOLUTE
    ../fplib/scalbnf.s                       0x00000000   Number         0  scalbnf.o ABSOLUTE
    ../fplib/trapv.s                         0x00000000   Number         0  trapv.o ABSOLUTE
    ../fplib/usenofp.s                       0x00000000   Number         0  usenofp.o ABSOLUTE
    C:\Keil_v5\ARM\PACK\Keil\STM32F1xx_DFP\2.2.0\Device\StdPeriph_Driver\src\misc.c 0x00000000   Number         0  misc.o ABSOLUTE
    C:\Keil_v5\ARM\PACK\Keil\STM32F1xx_DFP\2.2.0\Device\StdPeriph_Driver\src\stm32f10x_adc.c 0x00000000   Number         0  stm32f10x_adc.o ABSOLUTE
    C:\Keil_v5\ARM\PACK\Keil\STM32F1xx_DFP\2.2.0\Device\StdPeriph_Driver\src\stm32f10x_bkp.c 0x00000000   Number         0  stm32f10x_bkp.o ABSOLUTE
    C:\Keil_v5\ARM\PACK\Keil\STM32F1xx_DFP\2.2.0\Device\StdPeriph_Driver\src\stm32f10x_can.c 0x00000000   Number         0  stm32f10x_can.o ABSOLUTE
    C:\Keil_v5\ARM\PACK\Keil\STM32F1xx_DFP\2.2.0\Device\StdPeriph_Driver\src\stm32f10x_cec.c 0x00000000   Number         0  stm32f10x_cec.o ABSOLUTE
    C:\Keil_v5\ARM\PACK\Keil\STM32F1xx_DFP\2.2.0\Device\StdPeriph_Driver\src\stm32f10x_crc.c 0x00000000   Number         0  stm32f10x_crc.o ABSOLUTE
    C:\Keil_v5\ARM\PACK\Keil\STM32F1xx_DFP\2.2.0\Device\StdPeriph_Driver\src\stm32f10x_dac.c 0x00000000   Number         0  stm32f10x_dac.o ABSOLUTE
    C:\Keil_v5\ARM\PACK\Keil\STM32F1xx_DFP\2.2.0\Device\StdPeriph_Driver\src\stm32f10x_dbgmcu.c 0x00000000   Number         0  stm32f10x_dbgmcu.o ABSOLUTE
    C:\Keil_v5\ARM\PACK\Keil\STM32F1xx_DFP\2.2.0\Device\StdPeriph_Driver\src\stm32f10x_dma.c 0x00000000   Number         0  stm32f10x_dma.o ABSOLUTE
    C:\Keil_v5\ARM\PACK\Keil\STM32F1xx_DFP\2.2.0\Device\StdPeriph_Driver\src\stm32f10x_exti.c 0x00000000   Number         0  stm32f10x_exti.o ABSOLUTE
    C:\Keil_v5\ARM\PACK\Keil\STM32F1xx_DFP\2.2.0\Device\StdPeriph_Driver\src\stm32f10x_flash.c 0x00000000   Number         0  stm32f10x_flash.o ABSOLUTE
    C:\Keil_v5\ARM\PACK\Keil\STM32F1xx_DFP\2.2.0\Device\StdPeriph_Driver\src\stm32f10x_fsmc.c 0x00000000   Number         0  stm32f10x_fsmc.o ABSOLUTE
    C:\Keil_v5\ARM\PACK\Keil\STM32F1xx_DFP\2.2.0\Device\StdPeriph_Driver\src\stm32f10x_gpio.c 0x00000000   Number         0  stm32f10x_gpio.o ABSOLUTE
    C:\Keil_v5\ARM\PACK\Keil\STM32F1xx_DFP\2.2.0\Device\StdPeriph_Driver\src\stm32f10x_i2c.c 0x00000000   Number         0  stm32f10x_i2c.o ABSOLUTE
    C:\Keil_v5\ARM\PACK\Keil\STM32F1xx_DFP\2.2.0\Device\StdPeriph_Driver\src\stm32f10x_iwdg.c 0x00000000   Number         0  stm32f10x_iwdg.o ABSOLUTE
    C:\Keil_v5\ARM\PACK\Keil\STM32F1xx_DFP\2.2.0\Device\StdPeriph_Driver\src\stm32f10x_pwr.c 0x00000000   Number         0  stm32f10x_pwr.o ABSOLUTE
    C:\Keil_v5\ARM\PACK\Keil\STM32F1xx_DFP\2.2.0\Device\StdPeriph_Driver\src\stm32f10x_rcc.c 0x00000000   Number         0  stm32f10x_rcc.o ABSOLUTE
    C:\Keil_v5\ARM\PACK\Keil\STM32F1xx_DFP\2.2.0\Device\StdPeriph_Driver\src\stm32f10x_rtc.c 0x00000000   Number         0  stm32f10x_rtc.o ABSOLUTE
    C:\Keil_v5\ARM\PACK\Keil\STM32F1xx_DFP\2.2.0\Device\StdPeriph_Driver\src\stm32f10x_sdio.c 0x00000000   Number         0  stm32f10x_sdio.o ABSOLUTE
    C:\Keil_v5\ARM\PACK\Keil\STM32F1xx_DFP\2.2.0\Device\StdPeriph_Driver\src\stm32f10x_spi.c 0x00000000   Number         0  stm32f10x_spi.o ABSOLUTE
    C:\Keil_v5\ARM\PACK\Keil\STM32F1xx_DFP\2.2.0\Device\StdPeriph_Driver\src\stm32f10x_tim.c 0x00000000   Number         0  stm32f10x_tim.o ABSOLUTE
    C:\Keil_v5\ARM\PACK\Keil\STM32F1xx_DFP\2.2.0\Device\StdPeriph_Driver\src\stm32f10x_usart.c 0x00000000   Number         0  stm32f10x_usart.o ABSOLUTE
    C:\Keil_v5\ARM\PACK\Keil\STM32F1xx_DFP\2.2.0\Device\StdPeriph_Driver\src\stm32f10x_wwdg.c 0x00000000   Number         0  stm32f10x_wwdg.o ABSOLUTE
    C:\Keil_v5\ARM\PACK\Keil\STM32F1xx_DFP\2.2.0\RTE_Driver\DMA_STM32F10x.c 0x00000000   Number         0  dma_stm32f10x.o ABSOLUTE
    C:\Keil_v5\ARM\PACK\Keil\STM32F1xx_DFP\2.2.0\RTE_Driver\GPIO_STM32F10x.c 0x00000000   Number         0  gpio_stm32f10x.o ABSOLUTE
    C:\\Keil_v5\\ARM\\PACK\\Keil\\STM32F1xx_DFP\\2.2.0\\Device\\StdPeriph_Driver\\src\\misc.c 0x00000000   Number         0  misc.o ABSOLUTE
    C:\\Keil_v5\\ARM\\PACK\\Keil\\STM32F1xx_DFP\\2.2.0\\Device\\StdPeriph_Driver\\src\\stm32f10x_adc.c 0x00000000   Number         0  stm32f10x_adc.o ABSOLUTE
    C:\\Keil_v5\\ARM\\PACK\\Keil\\STM32F1xx_DFP\\2.2.0\\Device\\StdPeriph_Driver\\src\\stm32f10x_bkp.c 0x00000000   Number         0  stm32f10x_bkp.o ABSOLUTE
    C:\\Keil_v5\\ARM\\PACK\\Keil\\STM32F1xx_DFP\\2.2.0\\Device\\StdPeriph_Driver\\src\\stm32f10x_can.c 0x00000000   Number         0  stm32f10x_can.o ABSOLUTE
    C:\\Keil_v5\\ARM\\PACK\\Keil\\STM32F1xx_DFP\\2.2.0\\Device\\StdPeriph_Driver\\src\\stm32f10x_cec.c 0x00000000   Number         0  stm32f10x_cec.o ABSOLUTE
    C:\\Keil_v5\\ARM\\PACK\\Keil\\STM32F1xx_DFP\\2.2.0\\Device\\StdPeriph_Driver\\src\\stm32f10x_crc.c 0x00000000   Number         0  stm32f10x_crc.o ABSOLUTE
    C:\\Keil_v5\\ARM\\PACK\\Keil\\STM32F1xx_DFP\\2.2.0\\Device\\StdPeriph_Driver\\src\\stm32f10x_dac.c 0x00000000   Number         0  stm32f10x_dac.o ABSOLUTE
    C:\\Keil_v5\\ARM\\PACK\\Keil\\STM32F1xx_DFP\\2.2.0\\Device\\StdPeriph_Driver\\src\\stm32f10x_dbgmcu.c 0x00000000   Number         0  stm32f10x_dbgmcu.o ABSOLUTE
    C:\\Keil_v5\\ARM\\PACK\\Keil\\STM32F1xx_DFP\\2.2.0\\Device\\StdPeriph_Driver\\src\\stm32f10x_dma.c 0x00000000   Number         0  stm32f10x_dma.o ABSOLUTE
    C:\\Keil_v5\\ARM\\PACK\\Keil\\STM32F1xx_DFP\\2.2.0\\Device\\StdPeriph_Driver\\src\\stm32f10x_exti.c 0x00000000   Number         0  stm32f10x_exti.o ABSOLUTE
    C:\\Keil_v5\\ARM\\PACK\\Keil\\STM32F1xx_DFP\\2.2.0\\Device\\StdPeriph_Driver\\src\\stm32f10x_flash.c 0x00000000   Number         0  stm32f10x_flash.o ABSOLUTE
    C:\\Keil_v5\\ARM\\PACK\\Keil\\STM32F1xx_DFP\\2.2.0\\Device\\StdPeriph_Driver\\src\\stm32f10x_fsmc.c 0x00000000   Number         0  stm32f10x_fsmc.o ABSOLUTE
    C:\\Keil_v5\\ARM\\PACK\\Keil\\STM32F1xx_DFP\\2.2.0\\Device\\StdPeriph_Driver\\src\\stm32f10x_gpio.c 0x00000000   Number         0  stm32f10x_gpio.o ABSOLUTE
    C:\\Keil_v5\\ARM\\PACK\\Keil\\STM32F1xx_DFP\\2.2.0\\Device\\StdPeriph_Driver\\src\\stm32f10x_i2c.c 0x00000000   Number         0  stm32f10x_i2c.o ABSOLUTE
    C:\\Keil_v5\\ARM\\PACK\\Keil\\STM32F1xx_DFP\\2.2.0\\Device\\StdPeriph_Driver\\src\\stm32f10x_iwdg.c 0x00000000   Number         0  stm32f10x_iwdg.o ABSOLUTE
    C:\\Keil_v5\\ARM\\PACK\\Keil\\STM32F1xx_DFP\\2.2.0\\Device\\StdPeriph_Driver\\src\\stm32f10x_pwr.c 0x00000000   Number         0  stm32f10x_pwr.o ABSOLUTE
    C:\\Keil_v5\\ARM\\PACK\\Keil\\STM32F1xx_DFP\\2.2.0\\Device\\StdPeriph_Driver\\src\\stm32f10x_rcc.c 0x00000000   Number         0  stm32f10x_rcc.o ABSOLUTE
    C:\\Keil_v5\\ARM\\PACK\\Keil\\STM32F1xx_DFP\\2.2.0\\Device\\StdPeriph_Driver\\src\\stm32f10x_rtc.c 0x00000000   Number         0  stm32f10x_rtc.o ABSOLUTE
    C:\\Keil_v5\\ARM\\PACK\\Keil\\STM32F1xx_DFP\\2.2.0\\Device\\StdPeriph_Driver\\src\\stm32f10x_sdio.c 0x00000000   Number         0  stm32f10x_sdio.o ABSOLUTE
    C:\\Keil_v5\\ARM\\PACK\\Keil\\STM32F1xx_DFP\\2.2.0\\Device\\StdPeriph_Driver\\src\\stm32f10x_spi.c 0x00000000   Number         0  stm32f10x_spi.o ABSOLUTE
    C:\\Keil_v5\\ARM\\PACK\\Keil\\STM32F1xx_DFP\\2.2.0\\Device\\StdPeriph_Driver\\src\\stm32f10x_tim.c 0x00000000   Number         0  stm32f10x_tim.o ABSOLUTE
    C:\\Keil_v5\\ARM\\PACK\\Keil\\STM32F1xx_DFP\\2.2.0\\Device\\StdPeriph_Driver\\src\\stm32f10x_usart.c 0x00000000   Number         0  stm32f10x_usart.o ABSOLUTE
    C:\\Keil_v5\\ARM\\PACK\\Keil\\STM32F1xx_DFP\\2.2.0\\Device\\StdPeriph_Driver\\src\\stm32f10x_wwdg.c 0x00000000   Number         0  stm32f10x_wwdg.o ABSOLUTE
    C:\\Keil_v5\\ARM\\PACK\\Keil\\STM32F1xx_DFP\\2.2.0\\RTE_Driver\\DMA_STM32F10x.c 0x00000000   Number         0  dma_stm32f10x.o ABSOLUTE
    C:\\Keil_v5\\ARM\\PACK\\Keil\\STM32F1xx_DFP\\2.2.0\\RTE_Driver\\GPIO_STM32F10x.c 0x00000000   Number         0  gpio_stm32f10x.o ABSOLUTE
    RTE\Device\STM32F103T8\startup_stm32f10x_md.s 0x00000000   Number         0  startup_stm32f10x_md.o ABSOLUTE
    RTE\Device\STM32F103T8\system_stm32f10x.c 0x00000000   Number         0  system_stm32f10x.o ABSOLUTE
    RTE\\Device\\STM32F103T8\\system_stm32f10x.c 0x00000000   Number         0  system_stm32f10x.o ABSOLUTE
    dc.s                                     0x00000000   Number         0  dc.o ABSOLUTE
    src\SR04.c                               0x00000000   Number         0  sr04.o ABSOLUTE
    src\\SR04.c                              0x00000000   Number         0  sr04.o ABSOLUTE
    src\\batterymeasure.c                    0x00000000   Number         0  batterymeasure.o ABSOLUTE
    src\\ble.c                               0x00000000   Number         0  ble.o ABSOLUTE
    src\\delay.c                             0x00000000   Number         0  delay.o ABSOLUTE
    src\\main.c                              0x00000000   Number         0  main.o ABSOLUTE
    src\\memman.c                            0x00000000   Number         0  memman.o ABSOLUTE
    src\\usart.c                             0x00000000   Number         0  usart.o ABSOLUTE
    src\batterymeasure.c                     0x00000000   Number         0  batterymeasure.o ABSOLUTE
    src\ble.c                                0x00000000   Number         0  ble.o ABSOLUTE
    src\delay.c                              0x00000000   Number         0  delay.o ABSOLUTE
    src\main.c                               0x00000000   Number         0  main.o ABSOLUTE
    src\memman.c                             0x00000000   Number         0  memman.o ABSOLUTE
    src\usart.c                              0x00000000   Number         0  usart.o ABSOLUTE
    RESET                                    0x08000000   Section      236  startup_stm32f10x_md.o(RESET)
    !!!main                                  0x080000ec   Section        8  __main.o(!!!main)
    !!!scatter                               0x080000f4   Section       52  __scatter.o(!!!scatter)
    !!handler_copy                           0x08000128   Section       26  __scatter_copy.o(!!handler_copy)
    !!handler_zi                             0x08000144   Section       28  __scatter_zi.o(!!handler_zi)
    .ARM.Collect$$_printf_percent$$00000000  0x08000160   Section        0  _printf_percent.o(.ARM.Collect$$_printf_percent$$00000000)
    .ARM.Collect$$_printf_percent$$00000008  0x08000160   Section        6  _printf_i.o(.ARM.Collect$$_printf_percent$$00000008)
    .ARM.Collect$$_printf_percent$$00000009  0x08000166   Section        6  _printf_d.o(.ARM.Collect$$_printf_percent$$00000009)
    .ARM.Collect$$_printf_percent$$00000017  0x0800016c   Section        4  _printf_percent_end.o(.ARM.Collect$$_printf_percent$$00000017)
    .ARM.Collect$$libinit$$00000000          0x08000170   Section        2  libinit.o(.ARM.Collect$$libinit$$00000000)
    .ARM.Collect$$libinit$$00000002          0x08000172   Section        0  libinit2.o(.ARM.Collect$$libinit$$00000002)
    .ARM.Collect$$libinit$$00000004          0x08000172   Section        0  libinit2.o(.ARM.Collect$$libinit$$00000004)
    .ARM.Collect$$libinit$$00000005          0x08000172   Section        8  libinit2.o(.ARM.Collect$$libinit$$00000005)
    .ARM.Collect$$libinit$$0000000A          0x0800017a   Section        0  libinit2.o(.ARM.Collect$$libinit$$0000000A)
    .ARM.Collect$$libinit$$0000000C          0x0800017a   Section        0  libinit2.o(.ARM.Collect$$libinit$$0000000C)
    .ARM.Collect$$libinit$$0000000E          0x0800017a   Section        0  libinit2.o(.ARM.Collect$$libinit$$0000000E)
    .ARM.Collect$$libinit$$00000011          0x0800017a   Section        0  libinit2.o(.ARM.Collect$$libinit$$00000011)
    .ARM.Collect$$libinit$$00000013          0x0800017a   Section        0  libinit2.o(.ARM.Collect$$libinit$$00000013)
    .ARM.Collect$$libinit$$00000015          0x0800017a   Section        0  libinit2.o(.ARM.Collect$$libinit$$00000015)
    .ARM.Collect$$libinit$$00000017          0x0800017a   Section        0  libinit2.o(.ARM.Collect$$libinit$$00000017)
    .ARM.Collect$$libinit$$00000019          0x0800017a   Section        0  libinit2.o(.ARM.Collect$$libinit$$00000019)
    .ARM.Collect$$libinit$$0000001B          0x0800017a   Section        0  libinit2.o(.ARM.Collect$$libinit$$0000001B)
    .ARM.Collect$$libinit$$0000001D          0x0800017a   Section        0  libinit2.o(.ARM.Collect$$libinit$$0000001D)
    .ARM.Collect$$libinit$$0000001F          0x0800017a   Section        0  libinit2.o(.ARM.Collect$$libinit$$0000001F)
    .ARM.Collect$$libinit$$00000021          0x0800017a   Section        0  libinit2.o(.ARM.Collect$$libinit$$00000021)
    .ARM.Collect$$libinit$$00000023          0x0800017a   Section        0  libinit2.o(.ARM.Collect$$libinit$$00000023)
    .ARM.Collect$$libinit$$00000025          0x0800017a   Section        0  libinit2.o(.ARM.Collect$$libinit$$00000025)
    .ARM.Collect$$libinit$$0000002C          0x0800017a   Section        0  libinit2.o(.ARM.Collect$$libinit$$0000002C)
    .ARM.Collect$$libinit$$0000002E          0x0800017a   Section        0  libinit2.o(.ARM.Collect$$libinit$$0000002E)
    .ARM.Collect$$libinit$$00000030          0x0800017a   Section        0  libinit2.o(.ARM.Collect$$libinit$$00000030)
    .ARM.Collect$$libinit$$00000032          0x0800017a   Section        0  libinit2.o(.ARM.Collect$$libinit$$00000032)
    .ARM.Collect$$libinit$$00000033          0x0800017a   Section        2  libinit2.o(.ARM.Collect$$libinit$$00000033)
    .ARM.Collect$$libshutdown$$00000000      0x0800017c   Section        2  libshutdown.o(.ARM.Collect$$libshutdown$$00000000)
    .ARM.Collect$$libshutdown$$00000002      0x0800017e   Section        0  libshutdown2.o(.ARM.Collect$$libshutdown$$00000002)
    .ARM.Collect$$libshutdown$$00000004      0x0800017e   Section        0  libshutdown2.o(.ARM.Collect$$libshutdown$$00000004)
    .ARM.Collect$$libshutdown$$00000007      0x0800017e   Section        0  libshutdown2.o(.ARM.Collect$$libshutdown$$00000007)
    .ARM.Collect$$libshutdown$$0000000A      0x0800017e   Section        0  libshutdown2.o(.ARM.Collect$$libshutdown$$0000000A)
    .ARM.Collect$$libshutdown$$0000000C      0x0800017e   Section        0  libshutdown2.o(.ARM.Collect$$libshutdown$$0000000C)
    .ARM.Collect$$libshutdown$$0000000F      0x0800017e   Section        0  libshutdown2.o(.ARM.Collect$$libshutdown$$0000000F)
    .ARM.Collect$$libshutdown$$00000010      0x0800017e   Section        2  libshutdown2.o(.ARM.Collect$$libshutdown$$00000010)
    .ARM.Collect$$rtentry$$00000000          0x08000180   Section        0  __rtentry.o(.ARM.Collect$$rtentry$$00000000)
    .ARM.Collect$$rtentry$$00000002          0x08000180   Section        0  __rtentry2.o(.ARM.Collect$$rtentry$$00000002)
    .ARM.Collect$$rtentry$$00000004          0x08000180   Section        6  __rtentry4.o(.ARM.Collect$$rtentry$$00000004)
    .ARM.Collect$$rtentry$$00000009          0x08000186   Section        0  __rtentry2.o(.ARM.Collect$$rtentry$$00000009)
    .ARM.Collect$$rtentry$$0000000A          0x08000186   Section        4  __rtentry2.o(.ARM.Collect$$rtentry$$0000000A)
    .ARM.Collect$$rtentry$$0000000C          0x0800018a   Section        0  __rtentry2.o(.ARM.Collect$$rtentry$$0000000C)
    .ARM.Collect$$rtentry$$0000000D          0x0800018a   Section        8  __rtentry2.o(.ARM.Collect$$rtentry$$0000000D)
    .ARM.Collect$$rtexit$$00000000           0x08000192   Section        2  rtexit.o(.ARM.Collect$$rtexit$$00000000)
    .ARM.Collect$$rtexit$$00000002           0x08000194   Section        0  rtexit2.o(.ARM.Collect$$rtexit$$00000002)
    .ARM.Collect$$rtexit$$00000003           0x08000194   Section        4  rtexit2.o(.ARM.Collect$$rtexit$$00000003)
    .ARM.Collect$$rtexit$$00000004           0x08000198   Section        6  rtexit2.o(.ARM.Collect$$rtexit$$00000004)
    .emb_text                                0x080001a0   Section        0  maybetermalloc1.o(.emb_text)
    .text                                    0x080001a0   Section       64  startup_stm32f10x_md.o(.text)
    .text                                    0x080001e0   Section        0  h1_alloc.o(.text)
    .text                                    0x0800023e   Section        0  h1_free.o(.text)
    .text                                    0x0800028c   Section        0  __2sprintf.o(.text)
    .text                                    0x080002b8   Section        0  __2snprintf.o(.text)
    .text                                    0x080002f0   Section        0  __printf.o(.text)
    .text                                    0x08000358   Section        0  _printf_dec.o(.text)
    .text                                    0x080003d0   Section        0  strstr.o(.text)
    .text                                    0x080003f4   Section        0  strcpy.o(.text)
    .text                                    0x0800043c   Section        0  strlen.o(.text)
    .text                                    0x0800047a   Section        0  strcat.o(.text)
    .text                                    0x08000492   Section       86  strncpy.o(.text)
    .text                                    0x080004e8   Section        0  heapauxi.o(.text)
    .text                                    0x080004f0   Section        8  rt_heap_descriptor_intlibspace.o(.text)
    .text                                    0x080004f8   Section        0  hguard.o(.text)
    .text                                    0x080004fc   Section        0  init_alloc.o(.text)
    .text                                    0x08000586   Section        0  h1_init.o(.text)
    .text                                    0x08000594   Section        0  _printf_intcommon.o(.text)
    .text                                    0x08000648   Section        0  _printf_char_common.o(.text)
    _printf_input_char                       0x08000649   Thumb Code    10  _printf_char_common.o(.text)
    .text                                    0x08000678   Section        0  _sputc.o(.text)
    .text                                    0x08000682   Section        0  _snputc.o(.text)
    .text                                    0x08000692   Section       68  rt_memclr.o(.text)
    .text                                    0x080006d8   Section        8  libspace.o(.text)
    .text                                    0x080006e0   Section        0  h1_extend.o(.text)
    .text                                    0x08000714   Section        0  defsig_rtmem_outer.o(.text)
    .text                                    0x08000722   Section       78  rt_memclr_w.o(.text)
    .text                                    0x08000770   Section        2  use_no_semi.o(.text)
    .text                                    0x08000772   Section       74  sys_stackheap_outer.o(.text)
    .text                                    0x08000772   Section        0  indicate_semi.o(.text)
    .text                                    0x080007bc   Section        0  exit.o(.text)
    .text                                    0x080007ce   Section        0  defsig_exit.o(.text)
    .text                                    0x080007d8   Section        0  defsig_rtmem_inner.o(.text)
    .text                                    0x08000828   Section        0  sys_exit.o(.text)
    .text                                    0x08000834   Section        0  defsig_general.o(.text)
    .text                                    0x08000866   Section        0  sys_wrch.o(.text)
    i.ADCInit                                0x08000874   Section        0  batterymeasure.o(i.ADCInit)
    i.Ble_ConnectSlave                       0x08000934   Section        0  ble.o(i.Ble_ConnectSlave)
    Ble_ConnectSlave                         0x08000935   Thumb Code    28  ble.o(i.Ble_ConnectSlave)
    i.Ble_DisableProgramMode                 0x08000958   Section        0  ble.o(i.Ble_DisableProgramMode)
    Ble_DisableProgramMode                   0x08000959   Thumb Code    14  ble.o(i.Ble_DisableProgramMode)
    i.Ble_EnableProgramMode                  0x08000966   Section        0  ble.o(i.Ble_EnableProgramMode)
    Ble_EnableProgramMode                    0x08000967   Thumb Code    16  ble.o(i.Ble_EnableProgramMode)
    i.Ble_FreeDevices                        0x08000976   Section        0  ble.o(i.Ble_FreeDevices)
    Ble_FreeDevices                          0x08000977   Thumb Code    56  ble.o(i.Ble_FreeDevices)
    i.Ble_GetSlave                           0x080009b0   Section        0  ble.o(i.Ble_GetSlave)
    Ble_GetSlave                             0x080009b1   Thumb Code    80  ble.o(i.Ble_GetSlave)
    i.Ble_Init                               0x08000a10   Section        0  ble.o(i.Ble_Init)
    Ble_Init                                 0x08000a11   Thumb Code   106  ble.o(i.Ble_Init)
    i.Ble_OFF                                0x08000a80   Section        0  ble.o(i.Ble_OFF)
    Ble_OFF                                  0x08000a81   Thumb Code    22  ble.o(i.Ble_OFF)
    i.Ble_ON                                 0x08000a96   Section        0  ble.o(i.Ble_ON)
    Ble_ON                                   0x08000a97   Thumb Code    14  ble.o(i.Ble_ON)
    i.Ble_Receive                            0x08000aa4   Section        0  ble.o(i.Ble_Receive)
    Ble_Receive                              0x08000aa5   Thumb Code    76  ble.o(i.Ble_Receive)
    i.Ble_ScanSlaves                         0x08000af8   Section        0  ble.o(i.Ble_ScanSlaves)
    Ble_ScanSlaves                           0x08000af9   Thumb Code   286  ble.o(i.Ble_ScanSlaves)
    i.Ble_Send                               0x08000c38   Section        0  ble.o(i.Ble_Send)
    Ble_Send                                 0x08000c39   Thumb Code   120  ble.o(i.Ble_Send)
    i.Ble_SetMode                            0x08000cc8   Section        0  ble.o(i.Ble_SetMode)
    Ble_SetMode                              0x08000cc9   Thumb Code   148  ble.o(i.Ble_SetMode)
    i.Ble_SetName                            0x08000d80   Section        0  ble.o(i.Ble_SetName)
    Ble_SetName                              0x08000d81   Thumb Code    92  ble.o(i.Ble_SetName)
    i.Ble_SetPass                            0x08000dec   Section        0  ble.o(i.Ble_SetPass)
    Ble_SetPass                              0x08000ded   Thumb Code    68  ble.o(i.Ble_SetPass)
    i.Ble_SetTimeout                         0x08000e3c   Section        0  ble.o(i.Ble_SetTimeout)
    Ble_SetTimeout                           0x08000e3d   Thumb Code     6  ble.o(i.Ble_SetTimeout)
    i.CalculatePercentage                    0x08000e44   Section        0  batterymeasure.o(i.CalculatePercentage)
    i.DMA1_Channel1_Event                    0x08000ee4   Section        0  dma_stm32f10x.o(i.DMA1_Channel1_Event)
    i.DMA1_Channel1_IRQHandler               0x08000ee8   Section        0  dma_stm32f10x.o(i.DMA1_Channel1_IRQHandler)
    i.DMA1_Channel2_Event                    0x08000f00   Section        0  dma_stm32f10x.o(i.DMA1_Channel2_Event)
    i.DMA1_Channel2_IRQHandler               0x08000f04   Section        0  dma_stm32f10x.o(i.DMA1_Channel2_IRQHandler)
    i.DMA1_Channel3_Event                    0x08000f1c   Section        0  dma_stm32f10x.o(i.DMA1_Channel3_Event)
    i.DMA1_Channel3_IRQHandler               0x08000f20   Section        0  dma_stm32f10x.o(i.DMA1_Channel3_IRQHandler)
    i.DMA1_Channel4_Event                    0x08000f38   Section        0  dma_stm32f10x.o(i.DMA1_Channel4_Event)
    i.DMA1_Channel4_IRQHandler               0x08000f3c   Section        0  dma_stm32f10x.o(i.DMA1_Channel4_IRQHandler)
    i.DMA1_Channel5_Event                    0x08000f54   Section        0  dma_stm32f10x.o(i.DMA1_Channel5_Event)
    i.DMA1_Channel5_IRQHandler               0x08000f58   Section        0  dma_stm32f10x.o(i.DMA1_Channel5_IRQHandler)
    i.DMA1_Channel6_Event                    0x08000f70   Section        0  dma_stm32f10x.o(i.DMA1_Channel6_Event)
    i.DMA1_Channel6_IRQHandler               0x08000f74   Section        0  dma_stm32f10x.o(i.DMA1_Channel6_IRQHandler)
    i.DMA1_Channel7_Event                    0x08000f8c   Section        0  dma_stm32f10x.o(i.DMA1_Channel7_Event)
    i.DMA1_Channel7_IRQHandler               0x08000f90   Section        0  dma_stm32f10x.o(i.DMA1_Channel7_IRQHandler)
    i.EXTI9_5_IRQHandler                     0x08000fa8   Section        0  sr04.o(i.EXTI9_5_IRQHandler)
    i.EXTI_Init                              0x08001028   Section        0  stm32f10x_exti.o(i.EXTI_Init)
    i.GPIO_ResetBits                         0x08001098   Section        0  stm32f10x_gpio.o(i.GPIO_ResetBits)
    i.MemMan_FreeBlock                       0x0800109c   Section        0  memman.o(i.MemMan_FreeBlock)
    i.MemMan_GetFreeBlock                    0x080010b4   Section        0  memman.o(i.MemMan_GetFreeBlock)
    i.NVIC_Init                              0x080010f0   Section        0  misc.o(i.NVIC_Init)
    i.RCC_APB1PeriphClockCmd                 0x08001154   Section        0  stm32f10x_rcc.o(i.RCC_APB1PeriphClockCmd)
    i.SR04Init                               0x0800116c   Section        0  sr04.o(i.SR04Init)
    SR04Init                                 0x0800116d   Thumb Code    94  sr04.o(i.SR04Init)
    i.SR04check                              0x080011d4   Section        0  sr04.o(i.SR04check)
    SR04check                                0x080011d5   Thumb Code    92  sr04.o(i.SR04check)
    i.SR04read                               0x08001230   Section        0  sr04.o(i.SR04read)
    SR04read                                 0x08001231   Thumb Code    40  sr04.o(i.SR04read)
    i.SR04register                           0x08001260   Section        0  sr04.o(i.SR04register)
    SR04register                             0x08001261   Thumb Code   102  sr04.o(i.SR04register)
    i.SetSysClockTo24                        0x080012c8   Section        0  system_stm32f10x.o(i.SetSysClockTo24)
    SetSysClockTo24                          0x080012c9   Thumb Code   152  system_stm32f10x.o(i.SetSysClockTo24)
    i.SystemInit                             0x08001368   Section        0  system_stm32f10x.o(i.SystemInit)
    i.TIM2_Init                              0x080013b8   Section        0  sr04.o(i.TIM2_Init)
    TIM2_Init                                0x080013b9   Thumb Code    82  sr04.o(i.TIM2_Init)
    i.TIM3_IRQHandler                        0x08001414   Section        0  main.o(i.TIM3_IRQHandler)
    i.TIM3_Init                              0x0800144c   Section        0  main.o(i.TIM3_Init)
    TIM3_Init                                0x0800144d   Thumb Code   120  main.o(i.TIM3_Init)
    i.TIM_ClearITPendingBit                  0x080014cc   Section        0  stm32f10x_tim.o(i.TIM_ClearITPendingBit)
    i.TIM_Cmd                                0x080014d2   Section        0  stm32f10x_tim.o(i.TIM_Cmd)
    i.TIM_GetCounter                         0x080014e6   Section        0  stm32f10x_tim.o(i.TIM_GetCounter)
    i.TIM_GetITStatus                        0x080014ea   Section        0  stm32f10x_tim.o(i.TIM_GetITStatus)
    i.TIM_ITConfig                           0x08001502   Section        0  stm32f10x_tim.o(i.TIM_ITConfig)
    i.TIM_OCStructInit                       0x08001512   Section        0  stm32f10x_tim.o(i.TIM_OCStructInit)
    i.TIM_SetCounter                         0x08001526   Section        0  stm32f10x_tim.o(i.TIM_SetCounter)
    i.TIM_TimeBaseInit                       0x0800152c   Section        0  stm32f10x_tim.o(i.TIM_TimeBaseInit)
    i.TIM_TimeBaseStructInit                 0x080015c8   Section        0  stm32f10x_tim.o(i.TIM_TimeBaseStructInit)
    i.USART1_IRQHandler                      0x080015dc   Section        0  usart.o(i.USART1_IRQHandler)
    i.USART2_IRQHandler                      0x08001610   Section        0  usart.o(i.USART2_IRQHandler)
    i.USARTgetc                              0x08001648   Section        0  usart.o(i.USARTgetc)
    USARTgetc                                0x08001649   Thumb Code   112  usart.o(i.USARTgetc)
    i.USARTgetstr                            0x080016bc   Section        0  usart.o(i.USARTgetstr)
    USARTgetstr                              0x080016bd   Thumb Code    62  usart.o(i.USARTgetstr)
    i.USARTinit                              0x080016fc   Section        0  usart.o(i.USARTinit)
    USARTinit                                0x080016fd   Thumb Code   252  usart.o(i.USARTinit)
    i.USARTputc                              0x08001814   Section        0  usart.o(i.USARTputc)
    USARTputc                                0x08001815   Thumb Code    48  usart.o(i.USARTputc)
    i.USARTputstr                            0x0800184c   Section        0  usart.o(i.USARTputstr)
    USARTputstr                              0x0800184d   Thumb Code    38  usart.o(i.USARTputstr)
    i.__NVIC_ClearPendingIRQ                 0x08001872   Section        0  usart.o(i.__NVIC_ClearPendingIRQ)
    __NVIC_ClearPendingIRQ                   0x08001873   Thumb Code    26  usart.o(i.__NVIC_ClearPendingIRQ)
    i.__NVIC_EnableIRQ                       0x0800188c   Section        0  usart.o(i.__NVIC_EnableIRQ)
    __NVIC_EnableIRQ                         0x0800188d   Thumb Code    26  usart.o(i.__NVIC_EnableIRQ)
    i.__NVIC_SetPriority                     0x080018a6   Section        0  usart.o(i.__NVIC_SetPriority)
    __NVIC_SetPriority                       0x080018a7   Thumb Code    32  usart.o(i.__NVIC_SetPriority)
    i.delay_init                             0x080018c8   Section        0  delay.o(i.delay_init)
    i.delay_ms                               0x0800190c   Section        0  delay.o(i.delay_ms)
    i.delay_us                               0x08001940   Section        0  delay.o(i.delay_us)
    i.generateCommand                        0x0800195c   Section        0  ble.o(i.generateCommand)
    i.getPercentage                          0x0800197c   Section        0  batterymeasure.o(i.getPercentage)
    i.main                                   0x080019e4   Section        0  main.o(i.main)
    i.new_BleCon                             0x08001e60   Section        0  ble.o(i.new_BleCon)
    i.new_SimpleBatteryMeasure               0x08001f58   Section        0  batterymeasure.o(i.new_SimpleBatteryMeasure)
    i.new_SimpleUSART                        0x08001f88   Section        0  usart.o(i.new_SimpleUSART)
    i.new_sensSR04                           0x08001fd0   Section        0  sr04.o(i.new_sensSR04)
    x$fpl$d2f                                0x08002004   Section       98  d2f.o(x$fpl$d2f)
    x$fpl$dfltu                              0x08002066   Section       38  dflt_clz.o(x$fpl$dfltu)
    x$fpl$dmul                               0x0800208c   Section      340  dmul.o(x$fpl$dmul)
    x$fpl$dnaninf                            0x080021e0   Section      156  dnaninf.o(x$fpl$dnaninf)
    x$fpl$dretinf                            0x0800227c   Section       12  dretinf.o(x$fpl$dretinf)
    x$fpl$fadd                               0x08002288   Section      196  faddsub_clz.o(x$fpl$fadd)
    _fadd1                                   0x08002297   Thumb Code     0  faddsub_clz.o(x$fpl$fadd)
    x$fpl$fcheck1                            0x0800234c   Section       12  fcheck1.o(x$fpl$fcheck1)
    x$fpl$fcmpinf                            0x08002358   Section       24  fcmpi.o(x$fpl$fcmpinf)
    x$fpl$fdiv                               0x08002370   Section      388  fdiv.o(x$fpl$fdiv)
    _fdiv1                                   0x08002371   Thumb Code     0  fdiv.o(x$fpl$fdiv)
    x$fpl$ffix                               0x080024f4   Section       54  ffix.o(x$fpl$ffix)
    x$fpl$ffixu                              0x0800252c   Section       62  ffixu.o(x$fpl$ffixu)
    x$fpl$fflt                               0x0800256c   Section       48  fflt_clz.o(x$fpl$fflt)
    x$fpl$ffltu                              0x0800259c   Section       38  fflt_clz.o(x$fpl$ffltu)
    x$fpl$fleqf                              0x080025c4   Section      104  fleqf.o(x$fpl$fleqf)
    x$fpl$fmul                               0x0800262c   Section      258  fmul.o(x$fpl$fmul)
    x$fpl$fnaninf                            0x0800272e   Section      140  fnaninf.o(x$fpl$fnaninf)
    x$fpl$fretinf                            0x080027ba   Section       10  fretinf.o(x$fpl$fretinf)
    x$fpl$fsub                               0x080027c4   Section      234  faddsub_clz.o(x$fpl$fsub)
    _fsub1                                   0x080027d3   Thumb Code     0  faddsub_clz.o(x$fpl$fsub)
    x$fpl$retnan                             0x080028ae   Section      100  retnan.o(x$fpl$retnan)
    x$fpl$scalbnf                            0x08002912   Section       76  scalbnf.o(x$fpl$scalbnf)
    x$fpl$trapveneer                         0x0800295e   Section       48  trapv.o(x$fpl$trapveneer)
    x$fpl$usenofp                            0x0800298e   Section        0  usenofp.o(x$fpl$usenofp)
    .data                                    0x20000000   Section        8  main.o(.data)
    .data                                    0x20000008   Section        8  sr04.o(.data)
    .data                                    0x20000010   Section       36  usart.o(.data)
    .data                                    0x20000034   Section        4  delay.o(.data)
    .data                                    0x20000038   Section       20  system_stm32f10x.o(.data)
    .bss                                     0x2000004c   Section    10240  memman.o(.bss)
    cBigassbuffer                            0x2000004c   Data       10240  memman.o(.bss)
    .bss                                     0x2000284c   Section       96  libspace.o(.bss)
    HEAP                                     0x200028b0   Section      512  startup_stm32f10x_md.o(HEAP)
    Heap_Mem                                 0x200028b0   Data         512  startup_stm32f10x_md.o(HEAP)
    STACK                                    0x20002ab0   Section     1024  startup_stm32f10x_md.o(STACK)
    Stack_Mem                                0x20002ab0   Data        1024  startup_stm32f10x_md.o(STACK)
    __initial_sp                             0x20002eb0   Data           0  startup_stm32f10x_md.o(STACK)

    Global Symbols

    Symbol Name                              Value     Ov Type        Size  Object(Section)

    BuildAttributes$$THM_ISAv4$P$D$K$B$S$PE$A:L22UL41UL21$X:L11$S22US41US21$IEEE1$IW$USESV6$~STKCKD$USESV7$~SHL$OTIME$ROPI$EBA8$UX$STANDARDLIB$REQ8$PRES8$EABIv2 0x00000000   Number         0  anon$$obj.o ABSOLUTE
    __ARM_use_no_argv                        0x00000000   Number         0  main.o ABSOLUTE
    _printf_flags                            0x00000000   Number         0  printf_stubs.o ABSOLUTE
    _printf_return_value                     0x00000000   Number         0  printf_stubs.o ABSOLUTE
    _printf_sizespec                         0x00000000   Number         0  printf_stubs.o ABSOLUTE
    _printf_widthprec                        0x00000000   Number         0  printf_stubs.o ABSOLUTE
    __ARM_exceptions_init                     - Undefined Weak Reference
    __alloca_initialize                       - Undefined Weak Reference
    __arm_preinit_                            - Undefined Weak Reference
    __cpp_initialize__aeabi_                  - Undefined Weak Reference
    __cxa_finalize                            - Undefined Weak Reference
    __rt_locale                               - Undefined Weak Reference
    __sigvec_lookup                           - Undefined Weak Reference
    __user_heap_extent                        - Undefined Weak Reference
    _atexit_init                              - Undefined Weak Reference
    _call_atexit_fns                          - Undefined Weak Reference
    _clock_init                               - Undefined Weak Reference
    _fp_trap_init                             - Undefined Weak Reference
    _fp_trap_shutdown                         - Undefined Weak Reference
    _get_lc_collate                           - Undefined Weak Reference
    _get_lc_ctype                             - Undefined Weak Reference
    _get_lc_monetary                          - Undefined Weak Reference
    _get_lc_numeric                           - Undefined Weak Reference
    _get_lc_time                              - Undefined Weak Reference
    _getenv_init                              - Undefined Weak Reference
    _handle_redirection                       - Undefined Weak Reference
    _initio                                   - Undefined Weak Reference
    _mutex_acquire                            - Undefined Weak Reference
    _mutex_free                               - Undefined Weak Reference
    _mutex_release                            - Undefined Weak Reference
    _printf_post_padding                      - Undefined Weak Reference
    _printf_pre_padding                       - Undefined Weak Reference
    _printf_truncate_signed                   - Undefined Weak Reference
    _printf_truncate_unsigned                 - Undefined Weak Reference
    _rand_init                                - Undefined Weak Reference
    _signal_finish                            - Undefined Weak Reference
    _signal_init                              - Undefined Weak Reference
    _terminateio                              - Undefined Weak Reference
    __Vectors_Size                           0x000000ec   Number         0  startup_stm32f10x_md.o ABSOLUTE
    __Vectors                                0x08000000   Data           4  startup_stm32f10x_md.o(RESET)
    __Vectors_End                            0x080000ec   Data           0  startup_stm32f10x_md.o(RESET)
    __main                                   0x080000ed   Thumb Code     8  __main.o(!!!main)
    __scatterload                            0x080000f5   Thumb Code     0  __scatter.o(!!!scatter)
    __scatterload_rt2                        0x080000f5   Thumb Code    44  __scatter.o(!!!scatter)
    __scatterload_rt2_thumb_only             0x080000f5   Thumb Code     0  __scatter.o(!!!scatter)
    __scatterload_null                       0x08000103   Thumb Code     0  __scatter.o(!!!scatter)
    __scatterload_copy                       0x08000129   Thumb Code    26  __scatter_copy.o(!!handler_copy)
    __scatterload_zeroinit                   0x08000145   Thumb Code    28  __scatter_zi.o(!!handler_zi)
    _printf_i                                0x08000161   Thumb Code     0  _printf_i.o(.ARM.Collect$$_printf_percent$$00000008)
    _printf_percent                          0x08000161   Thumb Code     0  _printf_percent.o(.ARM.Collect$$_printf_percent$$00000000)
    _printf_d                                0x08000167   Thumb Code     0  _printf_d.o(.ARM.Collect$$_printf_percent$$00000009)
    _printf_percent_end                      0x0800016d   Thumb Code     0  _printf_percent_end.o(.ARM.Collect$$_printf_percent$$00000017)
    __rt_lib_init                            0x08000171   Thumb Code     0  libinit.o(.ARM.Collect$$libinit$$00000000)
    __rt_lib_init_fp_1                       0x08000173   Thumb Code     0  libinit2.o(.ARM.Collect$$libinit$$00000002)
    __rt_lib_init_heap_2                     0x08000173   Thumb Code     0  libinit2.o(.ARM.Collect$$libinit$$00000005)
    __rt_lib_init_preinit_1                  0x08000173   Thumb Code     0  libinit2.o(.ARM.Collect$$libinit$$00000004)
    __rt_lib_init_alloca_1                   0x0800017b   Thumb Code     0  libinit2.o(.ARM.Collect$$libinit$$0000002E)
    __rt_lib_init_argv_1                     0x0800017b   Thumb Code     0  libinit2.o(.ARM.Collect$$libinit$$0000002C)
    __rt_lib_init_atexit_1                   0x0800017b   Thumb Code     0  libinit2.o(.ARM.Collect$$libinit$$0000001B)
    __rt_lib_init_clock_1                    0x0800017b   Thumb Code     0  libinit2.o(.ARM.Collect$$libinit$$00000021)
    __rt_lib_init_cpp_1                      0x0800017b   Thumb Code     0  libinit2.o(.ARM.Collect$$libinit$$00000032)
    __rt_lib_init_exceptions_1               0x0800017b   Thumb Code     0  libinit2.o(.ARM.Collect$$libinit$$00000030)
    __rt_lib_init_fp_trap_1                  0x0800017b   Thumb Code     0  libinit2.o(.ARM.Collect$$libinit$$0000001F)
    __rt_lib_init_getenv_1                   0x0800017b   Thumb Code     0  libinit2.o(.ARM.Collect$$libinit$$00000023)
    __rt_lib_init_heap_1                     0x0800017b   Thumb Code     0  libinit2.o(.ARM.Collect$$libinit$$0000000A)
    __rt_lib_init_lc_collate_1               0x0800017b   Thumb Code     0  libinit2.o(.ARM.Collect$$libinit$$00000011)
    __rt_lib_init_lc_ctype_1                 0x0800017b   Thumb Code     0  libinit2.o(.ARM.Collect$$libinit$$00000013)
    __rt_lib_init_lc_monetary_1              0x0800017b   Thumb Code     0  libinit2.o(.ARM.Collect$$libinit$$00000015)
    __rt_lib_init_lc_numeric_1               0x0800017b   Thumb Code     0  libinit2.o(.ARM.Collect$$libinit$$00000017)
    __rt_lib_init_lc_time_1                  0x0800017b   Thumb Code     0  libinit2.o(.ARM.Collect$$libinit$$00000019)
    __rt_lib_init_rand_1                     0x0800017b   Thumb Code     0  libinit2.o(.ARM.Collect$$libinit$$0000000E)
    __rt_lib_init_return                     0x0800017b   Thumb Code     0  libinit2.o(.ARM.Collect$$libinit$$00000033)
    __rt_lib_init_signal_1                   0x0800017b   Thumb Code     0  libinit2.o(.ARM.Collect$$libinit$$0000001D)
    __rt_lib_init_stdio_1                    0x0800017b   Thumb Code     0  libinit2.o(.ARM.Collect$$libinit$$00000025)
    __rt_lib_init_user_alloc_1               0x0800017b   Thumb Code     0  libinit2.o(.ARM.Collect$$libinit$$0000000C)
    __rt_lib_shutdown                        0x0800017d   Thumb Code     0  libshutdown.o(.ARM.Collect$$libshutdown$$00000000)
    __rt_lib_shutdown_cpp_1                  0x0800017f   Thumb Code     0  libshutdown2.o(.ARM.Collect$$libshutdown$$00000002)
    __rt_lib_shutdown_fp_trap_1              0x0800017f   Thumb Code     0  libshutdown2.o(.ARM.Collect$$libshutdown$$00000007)
    __rt_lib_shutdown_heap_1                 0x0800017f   Thumb Code     0  libshutdown2.o(.ARM.Collect$$libshutdown$$0000000F)
    __rt_lib_shutdown_return                 0x0800017f   Thumb Code     0  libshutdown2.o(.ARM.Collect$$libshutdown$$00000010)
    __rt_lib_shutdown_signal_1               0x0800017f   Thumb Code     0  libshutdown2.o(.ARM.Collect$$libshutdown$$0000000A)
    __rt_lib_shutdown_stdio_1                0x0800017f   Thumb Code     0  libshutdown2.o(.ARM.Collect$$libshutdown$$00000004)
    __rt_lib_shutdown_user_alloc_1           0x0800017f   Thumb Code     0  libshutdown2.o(.ARM.Collect$$libshutdown$$0000000C)
    __rt_entry                               0x08000181   Thumb Code     0  __rtentry.o(.ARM.Collect$$rtentry$$00000000)
    __rt_entry_presh_1                       0x08000181   Thumb Code     0  __rtentry2.o(.ARM.Collect$$rtentry$$00000002)
    __rt_entry_sh                            0x08000181   Thumb Code     0  __rtentry4.o(.ARM.Collect$$rtentry$$00000004)
    __rt_entry_li                            0x08000187   Thumb Code     0  __rtentry2.o(.ARM.Collect$$rtentry$$0000000A)
    __rt_entry_postsh_1                      0x08000187   Thumb Code     0  __rtentry2.o(.ARM.Collect$$rtentry$$00000009)
    __rt_entry_main                          0x0800018b   Thumb Code     0  __rtentry2.o(.ARM.Collect$$rtentry$$0000000D)
    __rt_entry_postli_1                      0x0800018b   Thumb Code     0  __rtentry2.o(.ARM.Collect$$rtentry$$0000000C)
    __rt_exit                                0x08000193   Thumb Code     0  rtexit.o(.ARM.Collect$$rtexit$$00000000)
    __rt_exit_ls                             0x08000195   Thumb Code     0  rtexit2.o(.ARM.Collect$$rtexit$$00000003)
    __rt_exit_prels_1                        0x08000195   Thumb Code     0  rtexit2.o(.ARM.Collect$$rtexit$$00000002)
    __rt_exit_exit                           0x08000199   Thumb Code     0  rtexit2.o(.ARM.Collect$$rtexit$$00000004)
    Reset_Handler                            0x080001a1   Thumb Code     8  startup_stm32f10x_md.o(.text)
    _maybe_terminate_alloc                   0x080001a1   Thumb Code     0  maybetermalloc1.o(.emb_text)
    NMI_Handler                              0x080001a9   Thumb Code     2  startup_stm32f10x_md.o(.text)
    HardFault_Handler                        0x080001ab   Thumb Code     2  startup_stm32f10x_md.o(.text)
    MemManage_Handler                        0x080001ad   Thumb Code     2  startup_stm32f10x_md.o(.text)
    BusFault_Handler                         0x080001af   Thumb Code     2  startup_stm32f10x_md.o(.text)
    UsageFault_Handler                       0x080001b1   Thumb Code     2  startup_stm32f10x_md.o(.text)
    SVC_Handler                              0x080001b3   Thumb Code     2  startup_stm32f10x_md.o(.text)
    DebugMon_Handler                         0x080001b5   Thumb Code     2  startup_stm32f10x_md.o(.text)
    PendSV_Handler                           0x080001b7   Thumb Code     2  startup_stm32f10x_md.o(.text)
    SysTick_Handler                          0x080001b9   Thumb Code     2  startup_stm32f10x_md.o(.text)
    ADC1_2_IRQHandler                        0x080001bb   Thumb Code     0  startup_stm32f10x_md.o(.text)
    CAN1_RX1_IRQHandler                      0x080001bb   Thumb Code     0  startup_stm32f10x_md.o(.text)
    CAN1_SCE_IRQHandler                      0x080001bb   Thumb Code     0  startup_stm32f10x_md.o(.text)
    EXTI0_IRQHandler                         0x080001bb   Thumb Code     0  startup_stm32f10x_md.o(.text)
    EXTI15_10_IRQHandler                     0x080001bb   Thumb Code     0  startup_stm32f10x_md.o(.text)
    EXTI1_IRQHandler                         0x080001bb   Thumb Code     0  startup_stm32f10x_md.o(.text)
    EXTI2_IRQHandler                         0x080001bb   Thumb Code     0  startup_stm32f10x_md.o(.text)
    EXTI3_IRQHandler                         0x080001bb   Thumb Code     0  startup_stm32f10x_md.o(.text)
    EXTI4_IRQHandler                         0x080001bb   Thumb Code     0  startup_stm32f10x_md.o(.text)
    FLASH_IRQHandler                         0x080001bb   Thumb Code     0  startup_stm32f10x_md.o(.text)
    I2C1_ER_IRQHandler                       0x080001bb   Thumb Code     0  startup_stm32f10x_md.o(.text)
    I2C1_EV_IRQHandler                       0x080001bb   Thumb Code     0  startup_stm32f10x_md.o(.text)
    I2C2_ER_IRQHandler                       0x080001bb   Thumb Code     0  startup_stm32f10x_md.o(.text)
    I2C2_EV_IRQHandler                       0x080001bb   Thumb Code     0  startup_stm32f10x_md.o(.text)
    PVD_IRQHandler                           0x080001bb   Thumb Code     0  startup_stm32f10x_md.o(.text)
    RCC_IRQHandler                           0x080001bb   Thumb Code     0  startup_stm32f10x_md.o(.text)
    RTCAlarm_IRQHandler                      0x080001bb   Thumb Code     0  startup_stm32f10x_md.o(.text)
    RTC_IRQHandler                           0x080001bb   Thumb Code     0  startup_stm32f10x_md.o(.text)
    SPI1_IRQHandler                          0x080001bb   Thumb Code     0  startup_stm32f10x_md.o(.text)
    SPI2_IRQHandler                          0x080001bb   Thumb Code     0  startup_stm32f10x_md.o(.text)
    TAMPER_IRQHandler                        0x080001bb   Thumb Code     0  startup_stm32f10x_md.o(.text)
    TIM1_BRK_IRQHandler                      0x080001bb   Thumb Code     0  startup_stm32f10x_md.o(.text)
    TIM1_CC_IRQHandler                       0x080001bb   Thumb Code     0  startup_stm32f10x_md.o(.text)
    TIM1_TRG_COM_IRQHandler                  0x080001bb   Thumb Code     0  startup_stm32f10x_md.o(.text)
    TIM1_UP_IRQHandler                       0x080001bb   Thumb Code     0  startup_stm32f10x_md.o(.text)
    TIM2_IRQHandler                          0x080001bb   Thumb Code     0  startup_stm32f10x_md.o(.text)
    TIM4_IRQHandler                          0x080001bb   Thumb Code     0  startup_stm32f10x_md.o(.text)
    USART3_IRQHandler                        0x080001bb   Thumb Code     0  startup_stm32f10x_md.o(.text)
    USBWakeUp_IRQHandler                     0x080001bb   Thumb Code     0  startup_stm32f10x_md.o(.text)
    USB_HP_CAN1_TX_IRQHandler                0x080001bb   Thumb Code     0  startup_stm32f10x_md.o(.text)
    USB_LP_CAN1_RX0_IRQHandler               0x080001bb   Thumb Code     0  startup_stm32f10x_md.o(.text)
    WWDG_IRQHandler                          0x080001bb   Thumb Code     0  startup_stm32f10x_md.o(.text)
    __user_initial_stackheap                 0x080001bd   Thumb Code     0  startup_stm32f10x_md.o(.text)
    malloc                                   0x080001e1   Thumb Code    94  h1_alloc.o(.text)
    free                                     0x0800023f   Thumb Code    78  h1_free.o(.text)
    __2sprintf                               0x0800028d   Thumb Code    38  __2sprintf.o(.text)
    __2snprintf                              0x080002b9   Thumb Code    50  __2snprintf.o(.text)
    __printf                                 0x080002f1   Thumb Code   104  __printf.o(.text)
    _printf_int_dec                          0x08000359   Thumb Code   104  _printf_dec.o(.text)
    strstr                                   0x080003d1   Thumb Code    36  strstr.o(.text)
    strcpy                                   0x080003f5   Thumb Code    72  strcpy.o(.text)
    strlen                                   0x0800043d   Thumb Code    62  strlen.o(.text)
    strcat                                   0x0800047b   Thumb Code    24  strcat.o(.text)
    strncpy                                  0x08000493   Thumb Code    86  strncpy.o(.text)
    __use_two_region_memory                  0x080004e9   Thumb Code     2  heapauxi.o(.text)
    __rt_heap_escrow                         0x080004eb   Thumb Code     2  heapauxi.o(.text)
    __rt_heap_expand                         0x080004ed   Thumb Code     2  heapauxi.o(.text)
    __rt_heap_descriptor                     0x080004f1   Thumb Code     8  rt_heap_descriptor_intlibspace.o(.text)
    __use_no_heap                            0x080004f9   Thumb Code     2  hguard.o(.text)
    __heap$guard                             0x080004fb   Thumb Code     2  hguard.o(.text)
    _terminate_user_alloc                    0x080004fd   Thumb Code     2  init_alloc.o(.text)
    _init_user_alloc                         0x080004ff   Thumb Code     2  init_alloc.o(.text)
    __Heap_Full                              0x08000501   Thumb Code    34  init_alloc.o(.text)
    __Heap_Broken                            0x08000523   Thumb Code     6  init_alloc.o(.text)
    _init_alloc                              0x08000529   Thumb Code    94  init_alloc.o(.text)
    __Heap_Initialize                        0x08000587   Thumb Code    10  h1_init.o(.text)
    __Heap_DescSize                          0x08000591   Thumb Code     4  h1_init.o(.text)
    _printf_int_common                       0x08000595   Thumb Code   178  _printf_intcommon.o(.text)
    _printf_char_common                      0x08000653   Thumb Code    32  _printf_char_common.o(.text)
    _sputc                                   0x08000679   Thumb Code    10  _sputc.o(.text)
    _snputc                                  0x08000683   Thumb Code    16  _snputc.o(.text)
    __aeabi_memclr                           0x08000693   Thumb Code     0  rt_memclr.o(.text)
    __rt_memclr                              0x08000693   Thumb Code    68  rt_memclr.o(.text)
    _memset                                  0x08000697   Thumb Code     0  rt_memclr.o(.text)
    __user_libspace                          0x080006d9   Thumb Code     8  libspace.o(.text)
    __user_perproc_libspace                  0x080006d9   Thumb Code     0  libspace.o(.text)
    __user_perthread_libspace                0x080006d9   Thumb Code     0  libspace.o(.text)
    __Heap_ProvideMemory                     0x080006e1   Thumb Code    52  h1_extend.o(.text)
    __rt_SIGRTMEM                            0x08000715   Thumb Code    14  defsig_rtmem_outer.o(.text)
    __aeabi_memclr4                          0x08000723   Thumb Code     0  rt_memclr_w.o(.text)
    __aeabi_memclr8                          0x08000723   Thumb Code     0  rt_memclr_w.o(.text)
    __rt_memclr_w                            0x08000723   Thumb Code    78  rt_memclr_w.o(.text)
    _memset_w                                0x08000727   Thumb Code     0  rt_memclr_w.o(.text)
    __I$use$semihosting                      0x08000771   Thumb Code     0  use_no_semi.o(.text)
    __use_no_semihosting_swi                 0x08000771   Thumb Code     2  use_no_semi.o(.text)
    __semihosting_library_function           0x08000773   Thumb Code     0  indicate_semi.o(.text)
    __user_setup_stackheap                   0x08000773   Thumb Code    74  sys_stackheap_outer.o(.text)
    exit                                     0x080007bd   Thumb Code    18  exit.o(.text)
    __sig_exit                               0x080007cf   Thumb Code    10  defsig_exit.o(.text)
    __rt_SIGRTMEM_inner                      0x080007d9   Thumb Code    22  defsig_rtmem_inner.o(.text)
    _sys_exit                                0x08000829   Thumb Code     8  sys_exit.o(.text)
    __default_signal_display                 0x08000835   Thumb Code    50  defsig_general.o(.text)
    _ttywrch                                 0x08000867   Thumb Code    14  sys_wrch.o(.text)
    ADCInit                                  0x08000875   Thumb Code   180  batterymeasure.o(i.ADCInit)
    CalculatePercentage                      0x08000e45   Thumb Code   150  batterymeasure.o(i.CalculatePercentage)
    DMA1_Channel1_Event                      0x08000ee5   Thumb Code     2  dma_stm32f10x.o(i.DMA1_Channel1_Event)
    DMA1_Channel1_IRQHandler                 0x08000ee9   Thumb Code    18  dma_stm32f10x.o(i.DMA1_Channel1_IRQHandler)
    DMA1_Channel2_Event                      0x08000f01   Thumb Code     2  dma_stm32f10x.o(i.DMA1_Channel2_Event)
    DMA1_Channel2_IRQHandler                 0x08000f05   Thumb Code    20  dma_stm32f10x.o(i.DMA1_Channel2_IRQHandler)
    DMA1_Channel3_Event                      0x08000f1d   Thumb Code     2  dma_stm32f10x.o(i.DMA1_Channel3_Event)
    DMA1_Channel3_IRQHandler                 0x08000f21   Thumb Code    20  dma_stm32f10x.o(i.DMA1_Channel3_IRQHandler)
    DMA1_Channel4_Event                      0x08000f39   Thumb Code     2  dma_stm32f10x.o(i.DMA1_Channel4_Event)
    DMA1_Channel4_IRQHandler                 0x08000f3d   Thumb Code    20  dma_stm32f10x.o(i.DMA1_Channel4_IRQHandler)
    DMA1_Channel5_Event                      0x08000f55   Thumb Code     2  dma_stm32f10x.o(i.DMA1_Channel5_Event)
    DMA1_Channel5_IRQHandler                 0x08000f59   Thumb Code    20  dma_stm32f10x.o(i.DMA1_Channel5_IRQHandler)
    DMA1_Channel6_Event                      0x08000f71   Thumb Code     2  dma_stm32f10x.o(i.DMA1_Channel6_Event)
    DMA1_Channel6_IRQHandler                 0x08000f75   Thumb Code    20  dma_stm32f10x.o(i.DMA1_Channel6_IRQHandler)
    DMA1_Channel7_Event                      0x08000f8d   Thumb Code     2  dma_stm32f10x.o(i.DMA1_Channel7_Event)
    DMA1_Channel7_IRQHandler                 0x08000f91   Thumb Code    20  dma_stm32f10x.o(i.DMA1_Channel7_IRQHandler)
    EXTI9_5_IRQHandler                       0x08000fa9   Thumb Code   106  sr04.o(i.EXTI9_5_IRQHandler)
    EXTI_Init                                0x08001029   Thumb Code   108  stm32f10x_exti.o(i.EXTI_Init)
    GPIO_ResetBits                           0x08001099   Thumb Code     4  stm32f10x_gpio.o(i.GPIO_ResetBits)
    MemMan_FreeBlock                         0x0800109d   Thumb Code    20  memman.o(i.MemMan_FreeBlock)
    MemMan_GetFreeBlock                      0x080010b5   Thumb Code    56  memman.o(i.MemMan_GetFreeBlock)
    NVIC_Init                                0x080010f1   Thumb Code    94  misc.o(i.NVIC_Init)
    RCC_APB1PeriphClockCmd                   0x08001155   Thumb Code    18  stm32f10x_rcc.o(i.RCC_APB1PeriphClockCmd)
    SystemInit                               0x08001369   Thumb Code    64  system_stm32f10x.o(i.SystemInit)
    TIM3_IRQHandler                          0x08001415   Thumb Code    48  main.o(i.TIM3_IRQHandler)
    TIM_ClearITPendingBit                    0x080014cd   Thumb Code     6  stm32f10x_tim.o(i.TIM_ClearITPendingBit)
    TIM_Cmd                                  0x080014d3   Thumb Code    20  stm32f10x_tim.o(i.TIM_Cmd)
    TIM_GetCounter                           0x080014e7   Thumb Code     4  stm32f10x_tim.o(i.TIM_GetCounter)
    TIM_GetITStatus                          0x080014eb   Thumb Code    24  stm32f10x_tim.o(i.TIM_GetITStatus)
    TIM_ITConfig                             0x08001503   Thumb Code    16  stm32f10x_tim.o(i.TIM_ITConfig)
    TIM_OCStructInit                         0x08001513   Thumb Code    20  stm32f10x_tim.o(i.TIM_OCStructInit)
    TIM_SetCounter                           0x08001527   Thumb Code     4  stm32f10x_tim.o(i.TIM_SetCounter)
    TIM_TimeBaseInit                         0x0800152d   Thumb Code   114  stm32f10x_tim.o(i.TIM_TimeBaseInit)
    TIM_TimeBaseStructInit                   0x080015c9   Thumb Code    18  stm32f10x_tim.o(i.TIM_TimeBaseStructInit)
    USART1_IRQHandler                        0x080015dd   Thumb Code    42  usart.o(i.USART1_IRQHandler)
    USART2_IRQHandler                        0x08001611   Thumb Code    46  usart.o(i.USART2_IRQHandler)
    delay_init                               0x080018c9   Thumb Code    46  delay.o(i.delay_init)
    delay_ms                                 0x0800190d   Thumb Code    42  delay.o(i.delay_ms)
    delay_us                                 0x08001941   Thumb Code    20  delay.o(i.delay_us)
    generateCommand                          0x0800195d   Thumb Code    32  ble.o(i.generateCommand)
    getPercentage                            0x0800197d   Thumb Code    94  batterymeasure.o(i.getPercentage)
    main                                     0x080019e5   Thumb Code   588  main.o(i.main)
    new_BleCon                               0x08001e61   Thumb Code   186  ble.o(i.new_BleCon)
    new_SimpleBatteryMeasure                 0x08001f59   Thumb Code    34  batterymeasure.o(i.new_SimpleBatteryMeasure)
    new_SimpleUSART                          0x08001f89   Thumb Code    48  usart.o(i.new_SimpleUSART)
    new_sensSR04                             0x08001fd1   Thumb Code    30  sr04.o(i.new_sensSR04)
    __aeabi_d2f                              0x08002005   Thumb Code     0  d2f.o(x$fpl$d2f)
    _d2f                                     0x08002005   Thumb Code    98  d2f.o(x$fpl$d2f)
    __aeabi_ui2d                             0x08002067   Thumb Code     0  dflt_clz.o(x$fpl$dfltu)
    _dfltu                                   0x08002067   Thumb Code    38  dflt_clz.o(x$fpl$dfltu)
    __aeabi_dmul                             0x0800208d   Thumb Code     0  dmul.o(x$fpl$dmul)
    _dmul                                    0x0800208d   Thumb Code   332  dmul.o(x$fpl$dmul)
    __fpl_dnaninf                            0x080021e1   Thumb Code   156  dnaninf.o(x$fpl$dnaninf)
    __fpl_dretinf                            0x0800227d   Thumb Code    12  dretinf.o(x$fpl$dretinf)
    __aeabi_fadd                             0x08002289   Thumb Code     0  faddsub_clz.o(x$fpl$fadd)
    _fadd                                    0x08002289   Thumb Code   196  faddsub_clz.o(x$fpl$fadd)
    __fpl_fcheck_NaN1                        0x0800234d   Thumb Code     6  fcheck1.o(x$fpl$fcheck1)
    __fpl_fcmp_Inf                           0x08002359   Thumb Code    24  fcmpi.o(x$fpl$fcmpinf)
    __aeabi_fdiv                             0x08002371   Thumb Code     0  fdiv.o(x$fpl$fdiv)
    _fdiv                                    0x08002371   Thumb Code   384  fdiv.o(x$fpl$fdiv)
    __aeabi_f2iz                             0x080024f5   Thumb Code     0  ffix.o(x$fpl$ffix)
    _ffix                                    0x080024f5   Thumb Code    54  ffix.o(x$fpl$ffix)
    __aeabi_f2uiz                            0x0800252d   Thumb Code     0  ffixu.o(x$fpl$ffixu)
    _ffixu                                   0x0800252d   Thumb Code    62  ffixu.o(x$fpl$ffixu)
    __aeabi_i2f                              0x0800256d   Thumb Code     0  fflt_clz.o(x$fpl$fflt)
    _fflt                                    0x0800256d   Thumb Code    48  fflt_clz.o(x$fpl$fflt)
    __aeabi_ui2f                             0x0800259d   Thumb Code     0  fflt_clz.o(x$fpl$ffltu)
    _ffltu                                   0x0800259d   Thumb Code    38  fflt_clz.o(x$fpl$ffltu)
    __aeabi_cfcmple                          0x080025c5   Thumb Code     0  fleqf.o(x$fpl$fleqf)
    _fcmple                                  0x080025c5   Thumb Code   104  fleqf.o(x$fpl$fleqf)
    __fpl_fcmple_InfNaN                      0x08002617   Thumb Code     0  fleqf.o(x$fpl$fleqf)
    __aeabi_fmul                             0x0800262d   Thumb Code     0  fmul.o(x$fpl$fmul)
    _fmul                                    0x0800262d   Thumb Code   258  fmul.o(x$fpl$fmul)
    __fpl_fnaninf                            0x0800272f   Thumb Code   140  fnaninf.o(x$fpl$fnaninf)
    __fpl_fretinf                            0x080027bb   Thumb Code    10  fretinf.o(x$fpl$fretinf)
    __aeabi_fsub                             0x080027c5   Thumb Code     0  faddsub_clz.o(x$fpl$fsub)
    _fsub                                    0x080027c5   Thumb Code   234  faddsub_clz.o(x$fpl$fsub)
    __fpl_return_NaN                         0x080028af   Thumb Code   100  retnan.o(x$fpl$retnan)
    __ARM_scalbnf                            0x08002913   Thumb Code    76  scalbnf.o(x$fpl$scalbnf)
    __fpl_cmpreturn                          0x0800295f   Thumb Code    48  trapv.o(x$fpl$trapveneer)
    __I$use$fp                               0x0800298e   Number         0  usenofp.o(x$fpl$usenofp)
    Region$$Table$$Base                      0x08002990   Number         0  anon$$obj.o(Region$$Table)
    Region$$Table$$Limit                     0x080029b0   Number         0  anon$$obj.o(Region$$Table)
    iSendBLE                                 0x20000000   Data           1  main.o(.data)
    iTimCount                                0x20000004   Data           4  main.o(.data)
    bRised                                   0x20000008   Data           1  sr04.o(.data)
    fDistance                                0x2000000c   Data           4  sr04.o(.data)
    cRxBuffer2                               0x20000010   Data           1  usart.o(.data)
    iAmountOfCharInBuffer1                   0x20000014   Data           4  usart.o(.data)
    iSizeOfBuffer1                           0x20000018   Data           4  usart.o(.data)
    iAmountOfCharInBuffer2                   0x2000001c   Data           4  usart.o(.data)
    iSizeOfBuffer2                           0x20000020   Data           4  usart.o(.data)
    cFifoBuffer1                             0x20000024   Data           4  usart.o(.data)
    iI1                                      0x20000028   Data           4  usart.o(.data)
    cFifoBuffer2                             0x2000002c   Data           4  usart.o(.data)
    iI2                                      0x20000030   Data           4  usart.o(.data)
    cyclesperus                              0x20000034   Data           4  delay.o(.data)
    SystemCoreClock                          0x20000038   Data           4  system_stm32f10x.o(.data)
    AHBPrescTable                            0x2000003c   Data          16  system_stm32f10x.o(.data)
    __libspace_start                         0x2000284c   Data          96  libspace.o(.bss)
    __temporary_stack_top$libspace           0x200028ac   Data           0  libspace.o(.bss)



==============================================================================

Memory Map of the image

  Image Entry point : 0x080001a1

  Load Region LR_1 (Base: 0x08000000, Size: 0x000029fc, Max: 0xffffffff, ABSOLUTE)

    Execution Region ER_RO (Base: 0x08000000, Size: 0x000029b0, Max: 0xffffffff, ABSOLUTE)

    Base Addr    Size         Type   Attr      Idx    E Section Name        Object

    0x08000000   0x000000ec   Data   RO         3971    RESET               startup_stm32f10x_md.o
    0x080000ec   0x00000008   Code   RO         4128  * !!!main             c_w.l(__main.o)
    0x080000f4   0x00000034   Code   RO         4403    !!!scatter          c_w.l(__scatter.o)
    0x08000128   0x0000001a   Code   RO         4405    !!handler_copy      c_w.l(__scatter_copy.o)
    0x08000142   0x00000002   PAD
    0x08000144   0x0000001c   Code   RO         4407    !!handler_zi        c_w.l(__scatter_zi.o)
    0x08000160   0x00000000   Code   RO         4115    .ARM.Collect$$_printf_percent$$00000000  c_w.l(_printf_percent.o)
    0x08000160   0x00000006   Code   RO         4113    .ARM.Collect$$_printf_percent$$00000008  c_w.l(_printf_i.o)
    0x08000166   0x00000006   Code   RO         4114    .ARM.Collect$$_printf_percent$$00000009  c_w.l(_printf_d.o)
    0x0800016c   0x00000004   Code   RO         4206    .ARM.Collect$$_printf_percent$$00000017  c_w.l(_printf_percent_end.o)
    0x08000170   0x00000002   Code   RO         4340    .ARM.Collect$$libinit$$00000000  c_w.l(libinit.o)
    0x08000172   0x00000000   Code   RO         4214    .ARM.Collect$$libinit$$00000002  c_w.l(libinit2.o)
    0x08000172   0x00000000   Code   RO         4216    .ARM.Collect$$libinit$$00000004  c_w.l(libinit2.o)
    0x08000172   0x00000008   Code   RO         4217    .ARM.Collect$$libinit$$00000005  c_w.l(libinit2.o)
    0x0800017a   0x00000000   Code   RO         4219    .ARM.Collect$$libinit$$0000000A  c_w.l(libinit2.o)
    0x0800017a   0x00000000   Code   RO         4221    .ARM.Collect$$libinit$$0000000C  c_w.l(libinit2.o)
    0x0800017a   0x00000000   Code   RO         4223    .ARM.Collect$$libinit$$0000000E  c_w.l(libinit2.o)
    0x0800017a   0x00000000   Code   RO         4226    .ARM.Collect$$libinit$$00000011  c_w.l(libinit2.o)
    0x0800017a   0x00000000   Code   RO         4228    .ARM.Collect$$libinit$$00000013  c_w.l(libinit2.o)
    0x0800017a   0x00000000   Code   RO         4230    .ARM.Collect$$libinit$$00000015  c_w.l(libinit2.o)
    0x0800017a   0x00000000   Code   RO         4232    .ARM.Collect$$libinit$$00000017  c_w.l(libinit2.o)
    0x0800017a   0x00000000   Code   RO         4234    .ARM.Collect$$libinit$$00000019  c_w.l(libinit2.o)
    0x0800017a   0x00000000   Code   RO         4236    .ARM.Collect$$libinit$$0000001B  c_w.l(libinit2.o)
    0x0800017a   0x00000000   Code   RO         4238    .ARM.Collect$$libinit$$0000001D  c_w.l(libinit2.o)
    0x0800017a   0x00000000   Code   RO         4240    .ARM.Collect$$libinit$$0000001F  c_w.l(libinit2.o)
    0x0800017a   0x00000000   Code   RO         4242    .ARM.Collect$$libinit$$00000021  c_w.l(libinit2.o)
    0x0800017a   0x00000000   Code   RO         4244    .ARM.Collect$$libinit$$00000023  c_w.l(libinit2.o)
    0x0800017a   0x00000000   Code   RO         4246    .ARM.Collect$$libinit$$00000025  c_w.l(libinit2.o)
    0x0800017a   0x00000000   Code   RO         4250    .ARM.Collect$$libinit$$0000002C  c_w.l(libinit2.o)
    0x0800017a   0x00000000   Code   RO         4252    .ARM.Collect$$libinit$$0000002E  c_w.l(libinit2.o)
    0x0800017a   0x00000000   Code   RO         4254    .ARM.Collect$$libinit$$00000030  c_w.l(libinit2.o)
    0x0800017a   0x00000000   Code   RO         4256    .ARM.Collect$$libinit$$00000032  c_w.l(libinit2.o)
    0x0800017a   0x00000002   Code   RO         4257    .ARM.Collect$$libinit$$00000033  c_w.l(libinit2.o)
    0x0800017c   0x00000002   Code   RO         4400    .ARM.Collect$$libshutdown$$00000000  c_w.l(libshutdown.o)
    0x0800017e   0x00000000   Code   RO         4356    .ARM.Collect$$libshutdown$$00000002  c_w.l(libshutdown2.o)
    0x0800017e   0x00000000   Code   RO         4358    .ARM.Collect$$libshutdown$$00000004  c_w.l(libshutdown2.o)
    0x0800017e   0x00000000   Code   RO         4361    .ARM.Collect$$libshutdown$$00000007  c_w.l(libshutdown2.o)
    0x0800017e   0x00000000   Code   RO         4364    .ARM.Collect$$libshutdown$$0000000A  c_w.l(libshutdown2.o)
    0x0800017e   0x00000000   Code   RO         4366    .ARM.Collect$$libshutdown$$0000000C  c_w.l(libshutdown2.o)
    0x0800017e   0x00000000   Code   RO         4369    .ARM.Collect$$libshutdown$$0000000F  c_w.l(libshutdown2.o)
    0x0800017e   0x00000002   Code   RO         4370    .ARM.Collect$$libshutdown$$00000010  c_w.l(libshutdown2.o)
    0x08000180   0x00000000   Code   RO         4172    .ARM.Collect$$rtentry$$00000000  c_w.l(__rtentry.o)
    0x08000180   0x00000000   Code   RO         4277    .ARM.Collect$$rtentry$$00000002  c_w.l(__rtentry2.o)
    0x08000180   0x00000006   Code   RO         4289    .ARM.Collect$$rtentry$$00000004  c_w.l(__rtentry4.o)
    0x08000186   0x00000000   Code   RO         4279    .ARM.Collect$$rtentry$$00000009  c_w.l(__rtentry2.o)
    0x08000186   0x00000004   Code   RO         4280    .ARM.Collect$$rtentry$$0000000A  c_w.l(__rtentry2.o)
    0x0800018a   0x00000000   Code   RO         4282    .ARM.Collect$$rtentry$$0000000C  c_w.l(__rtentry2.o)
    0x0800018a   0x00000008   Code   RO         4283    .ARM.Collect$$rtentry$$0000000D  c_w.l(__rtentry2.o)
    0x08000192   0x00000002   Code   RO         4345    .ARM.Collect$$rtexit$$00000000  c_w.l(rtexit.o)
    0x08000194   0x00000000   Code   RO         4374    .ARM.Collect$$rtexit$$00000002  c_w.l(rtexit2.o)
    0x08000194   0x00000004   Code   RO         4375    .ARM.Collect$$rtexit$$00000003  c_w.l(rtexit2.o)
    0x08000198   0x00000006   Code   RO         4376    .ARM.Collect$$rtexit$$00000004  c_w.l(rtexit2.o)
    0x0800019e   0x00000002   PAD
    0x080001a0   0x00000000   Code   RO         4293    .emb_text           c_w.l(maybetermalloc1.o)
    0x080001a0   0x00000040   Code   RO         3972  * .text               startup_stm32f10x_md.o
    0x080001e0   0x0000005e   Code   RO         4023    .text               c_w.l(h1_alloc.o)
    0x0800023e   0x0000004e   Code   RO         4025    .text               c_w.l(h1_free.o)
    0x0800028c   0x0000002c   Code   RO         4081    .text               c_w.l(__2sprintf.o)
    0x080002b8   0x00000038   Code   RO         4083    .text               c_w.l(__2snprintf.o)
    0x080002f0   0x00000068   Code   RO         4089    .text               c_w.l(__printf.o)
    0x08000358   0x00000078   Code   RO         4091    .text               c_w.l(_printf_dec.o)
    0x080003d0   0x00000024   Code   RO         4116    .text               c_w.l(strstr.o)
    0x080003f4   0x00000048   Code   RO         4118    .text               c_w.l(strcpy.o)
    0x0800043c   0x0000003e   Code   RO         4120    .text               c_w.l(strlen.o)
    0x0800047a   0x00000018   Code   RO         4122    .text               c_w.l(strcat.o)
    0x08000492   0x00000056   Code   RO         4124    .text               c_w.l(strncpy.o)
    0x080004e8   0x00000006   Code   RO         4126    .text               c_w.l(heapauxi.o)
    0x080004ee   0x00000002   PAD
    0x080004f0   0x00000008   Code   RO         4176    .text               c_w.l(rt_heap_descriptor_intlibspace.o)
    0x080004f8   0x00000004   Code   RO         4178    .text               c_w.l(hguard.o)
    0x080004fc   0x0000008a   Code   RO         4180    .text               c_w.l(init_alloc.o)
    0x08000586   0x0000000e   Code   RO         4184    .text               c_w.l(h1_init.o)
    0x08000594   0x000000b2   Code   RO         4198    .text               c_w.l(_printf_intcommon.o)
    0x08000646   0x00000002   PAD
    0x08000648   0x00000030   Code   RO         4200    .text               c_w.l(_printf_char_common.o)
    0x08000678   0x0000000a   Code   RO         4202    .text               c_w.l(_sputc.o)
    0x08000682   0x00000010   Code   RO         4204    .text               c_w.l(_snputc.o)
    0x08000692   0x00000044   Code   RO         4209    .text               c_w.l(rt_memclr.o)
    0x080006d6   0x00000002   PAD
    0x080006d8   0x00000008   Code   RO         4273    .text               c_w.l(libspace.o)
    0x080006e0   0x00000034   Code   RO         4295    .text               c_w.l(h1_extend.o)
    0x08000714   0x0000000e   Code   RO         4301    .text               c_w.l(defsig_rtmem_outer.o)
    0x08000722   0x0000004e   Code   RO         4305    .text               c_w.l(rt_memclr_w.o)
    0x08000770   0x00000002   Code   RO         4316    .text               c_w.l(use_no_semi.o)
    0x08000772   0x00000000   Code   RO         4318    .text               c_w.l(indicate_semi.o)
    0x08000772   0x0000004a   Code   RO         4319    .text               c_w.l(sys_stackheap_outer.o)
    0x080007bc   0x00000012   Code   RO         4325    .text               c_w.l(exit.o)
    0x080007ce   0x0000000a   Code   RO         4327    .text               c_w.l(defsig_exit.o)
    0x080007d8   0x00000050   Code   RO         4329    .text               c_w.l(defsig_rtmem_inner.o)
    0x08000828   0x0000000c   Code   RO         4343    .text               c_w.l(sys_exit.o)
    0x08000834   0x00000032   Code   RO         4353    .text               c_w.l(defsig_general.o)
    0x08000866   0x0000000e   Code   RO         4371    .text               c_w.l(sys_wrch.o)
    0x08000874   0x000000c0   Code   RO          504    i.ADCInit           batterymeasure.o
    0x08000934   0x00000024   Code   RO          361    i.Ble_ConnectSlave  ble.o
    0x08000958   0x0000000e   Code   RO          362    i.Ble_DisableProgramMode  ble.o
    0x08000966   0x00000010   Code   RO          363    i.Ble_EnableProgramMode  ble.o
    0x08000976   0x00000038   Code   RO          364    i.Ble_FreeDevices   ble.o
    0x080009ae   0x00000002   PAD
    0x080009b0   0x00000060   Code   RO          365    i.Ble_GetSlave      ble.o
    0x08000a10   0x00000070   Code   RO          366    i.Ble_Init          ble.o
    0x08000a80   0x00000016   Code   RO          367    i.Ble_OFF           ble.o
    0x08000a96   0x0000000e   Code   RO          368    i.Ble_ON            ble.o
    0x08000aa4   0x00000054   Code   RO          369    i.Ble_Receive       ble.o
    0x08000af8   0x00000140   Code   RO          370    i.Ble_ScanSlaves    ble.o
    0x08000c38   0x00000090   Code   RO          371    i.Ble_Send          ble.o
    0x08000cc8   0x000000b8   Code   RO          372    i.Ble_SetMode       ble.o
    0x08000d80   0x0000006c   Code   RO          373    i.Ble_SetName       ble.o
    0x08000dec   0x00000050   Code   RO          374    i.Ble_SetPass       ble.o
    0x08000e3c   0x00000006   Code   RO          375    i.Ble_SetTimeout    ble.o
    0x08000e42   0x00000002   PAD
    0x08000e44   0x000000a0   Code   RO          505    i.CalculatePercentage  batterymeasure.o
    0x08000ee4   0x00000002   Code   RO         3771    i.DMA1_Channel1_Event  dma_stm32f10x.o
    0x08000ee6   0x00000002   PAD
    0x08000ee8   0x00000018   Code   RO         3772    i.DMA1_Channel1_IRQHandler  dma_stm32f10x.o
    0x08000f00   0x00000002   Code   RO         3773    i.DMA1_Channel2_Event  dma_stm32f10x.o
    0x08000f02   0x00000002   PAD
    0x08000f04   0x00000018   Code   RO         3774    i.DMA1_Channel2_IRQHandler  dma_stm32f10x.o
    0x08000f1c   0x00000002   Code   RO         3775    i.DMA1_Channel3_Event  dma_stm32f10x.o
    0x08000f1e   0x00000002   PAD
    0x08000f20   0x00000018   Code   RO         3776    i.DMA1_Channel3_IRQHandler  dma_stm32f10x.o
    0x08000f38   0x00000002   Code   RO         3777    i.DMA1_Channel4_Event  dma_stm32f10x.o
    0x08000f3a   0x00000002   PAD
    0x08000f3c   0x00000018   Code   RO         3778    i.DMA1_Channel4_IRQHandler  dma_stm32f10x.o
    0x08000f54   0x00000002   Code   RO         3779    i.DMA1_Channel5_Event  dma_stm32f10x.o
    0x08000f56   0x00000002   PAD
    0x08000f58   0x00000018   Code   RO         3780    i.DMA1_Channel5_IRQHandler  dma_stm32f10x.o
    0x08000f70   0x00000002   Code   RO         3781    i.DMA1_Channel6_Event  dma_stm32f10x.o
    0x08000f72   0x00000002   PAD
    0x08000f74   0x00000018   Code   RO         3782    i.DMA1_Channel6_IRQHandler  dma_stm32f10x.o
    0x08000f8c   0x00000002   Code   RO         3783    i.DMA1_Channel7_Event  dma_stm32f10x.o
    0x08000f8e   0x00000002   PAD
    0x08000f90   0x00000018   Code   RO         3784    i.DMA1_Channel7_IRQHandler  dma_stm32f10x.o
    0x08000fa8   0x00000080   Code   RO          165    i.EXTI9_5_IRQHandler  sr04.o
    0x08001028   0x00000070   Code   RO         1457    i.EXTI_Init         stm32f10x_exti.o
    0x08001098   0x00000004   Code   RO         1846    i.GPIO_ResetBits    stm32f10x_gpio.o
    0x0800109c   0x00000018   Code   RO          466    i.MemMan_FreeBlock  memman.o
    0x080010b4   0x0000003c   Code   RO          467    i.MemMan_GetFreeBlock  memman.o
    0x080010f0   0x00000064   Code   RO          546    i.NVIC_Init         misc.o
    0x08001154   0x00000018   Code   RO         2303    i.RCC_APB1PeriphClockCmd  stm32f10x_rcc.o
    0x0800116c   0x00000068   Code   RO          166    i.SR04Init          sr04.o
    0x080011d4   0x0000005c   Code   RO          167    i.SR04check         sr04.o
    0x08001230   0x00000030   Code   RO          168    i.SR04read          sr04.o
    0x08001260   0x00000066   Code   RO          169    i.SR04register      sr04.o
    0x080012c6   0x00000002   PAD
    0x080012c8   0x000000a0   Code   RO         3979    i.SetSysClockTo24   system_stm32f10x.o
    0x08001368   0x00000050   Code   RO         3981    i.SystemInit        system_stm32f10x.o
    0x080013b8   0x0000005c   Code   RO          170    i.TIM2_Init         sr04.o
    0x08001414   0x00000038   Code   RO            4    i.TIM3_IRQHandler   main.o
    0x0800144c   0x00000080   Code   RO            5    i.TIM3_Init         main.o
    0x080014cc   0x00000006   Code   RO         2977    i.TIM_ClearITPendingBit  stm32f10x_tim.o
    0x080014d2   0x00000014   Code   RO         2982    i.TIM_Cmd           stm32f10x_tim.o
    0x080014e6   0x00000004   Code   RO         3001    i.TIM_GetCounter    stm32f10x_tim.o
    0x080014ea   0x00000018   Code   RO         3003    i.TIM_GetITStatus   stm32f10x_tim.o
    0x08001502   0x00000010   Code   RO         3007    i.TIM_ITConfig      stm32f10x_tim.o
    0x08001512   0x00000014   Code   RO         3029    i.TIM_OCStructInit  stm32f10x_tim.o
    0x08001526   0x00000004   Code   RO         3047    i.TIM_SetCounter    stm32f10x_tim.o
    0x0800152a   0x00000002   PAD
    0x0800152c   0x0000009c   Code   RO         3053    i.TIM_TimeBaseInit  stm32f10x_tim.o
    0x080015c8   0x00000012   Code   RO         3054    i.TIM_TimeBaseStructInit  stm32f10x_tim.o
    0x080015da   0x00000002   PAD
    0x080015dc   0x00000034   Code   RO          233    i.USART1_IRQHandler  usart.o
    0x08001610   0x00000038   Code   RO          234    i.USART2_IRQHandler  usart.o
    0x08001648   0x00000074   Code   RO          235    i.USARTgetc         usart.o
    0x080016bc   0x0000003e   Code   RO          236    i.USARTgetstr       usart.o
    0x080016fa   0x00000002   PAD
    0x080016fc   0x00000118   Code   RO          237    i.USARTinit         usart.o
    0x08001814   0x00000038   Code   RO          238    i.USARTputc         usart.o
    0x0800184c   0x00000026   Code   RO          239    i.USARTputstr       usart.o
    0x08001872   0x0000001a   Code   RO          240    i.__NVIC_ClearPendingIRQ  usart.o
    0x0800188c   0x0000001a   Code   RO          241    i.__NVIC_EnableIRQ  usart.o
    0x080018a6   0x00000020   Code   RO          242    i.__NVIC_SetPriority  usart.o
    0x080018c6   0x00000002   PAD
    0x080018c8   0x00000044   Code   RO          321    i.delay_init        delay.o
    0x0800190c   0x00000034   Code   RO          322    i.delay_ms          delay.o
    0x08001940   0x0000001c   Code   RO          323    i.delay_us          delay.o
    0x0800195c   0x00000020   Code   RO          376    i.generateCommand   ble.o
    0x0800197c   0x00000068   Code   RO          506    i.getPercentage     batterymeasure.o
    0x080019e4   0x0000047c   Code   RO            6    i.main              main.o
    0x08001e60   0x000000f8   Code   RO          377    i.new_BleCon        ble.o
    0x08001f58   0x00000030   Code   RO          507    i.new_SimpleBatteryMeasure  batterymeasure.o
    0x08001f88   0x00000048   Code   RO          243    i.new_SimpleUSART   usart.o
    0x08001fd0   0x00000034   Code   RO          171    i.new_sensSR04      sr04.o
    0x08002004   0x00000062   Code   RO         4130    x$fpl$d2f           fz_ws.l(d2f.o)
    0x08002066   0x00000026   Code   RO         4132    x$fpl$dfltu         fz_ws.l(dflt_clz.o)
    0x0800208c   0x00000154   Code   RO         4138    x$fpl$dmul          fz_ws.l(dmul.o)
    0x080021e0   0x0000009c   Code   RO         4258    x$fpl$dnaninf       fz_ws.l(dnaninf.o)
    0x0800227c   0x0000000c   Code   RO         4260    x$fpl$dretinf       fz_ws.l(dretinf.o)
    0x08002288   0x000000c4   Code   RO         4140    x$fpl$fadd          fz_ws.l(faddsub_clz.o)
    0x0800234c   0x0000000c   Code   RO         4262    x$fpl$fcheck1       fz_ws.l(fcheck1.o)
    0x08002358   0x00000018   Code   RO         4264    x$fpl$fcmpinf       fz_ws.l(fcmpi.o)
    0x08002370   0x00000184   Code   RO         4147    x$fpl$fdiv          fz_ws.l(fdiv.o)
    0x080024f4   0x00000036   Code   RO         4150    x$fpl$ffix          fz_ws.l(ffix.o)
    0x0800252a   0x00000002   PAD
    0x0800252c   0x0000003e   Code   RO         4154    x$fpl$ffixu         fz_ws.l(ffixu.o)
    0x0800256a   0x00000002   PAD
    0x0800256c   0x00000030   Code   RO         4159    x$fpl$fflt          fz_ws.l(fflt_clz.o)
    0x0800259c   0x00000026   Code   RO         4158    x$fpl$ffltu         fz_ws.l(fflt_clz.o)
    0x080025c2   0x00000002   PAD
    0x080025c4   0x00000068   Code   RO         4164    x$fpl$fleqf         fz_ws.l(fleqf.o)
    0x0800262c   0x00000102   Code   RO         4166    x$fpl$fmul          fz_ws.l(fmul.o)
    0x0800272e   0x0000008c   Code   RO         4266    x$fpl$fnaninf       fz_ws.l(fnaninf.o)
    0x080027ba   0x0000000a   Code   RO         4268    x$fpl$fretinf       fz_ws.l(fretinf.o)
    0x080027c4   0x000000ea   Code   RO         4142    x$fpl$fsub          fz_ws.l(faddsub_clz.o)
    0x080028ae   0x00000064   Code   RO         4314    x$fpl$retnan        fz_ws.l(retnan.o)
    0x08002912   0x0000004c   Code   RO         4168    x$fpl$scalbnf       fz_ws.l(scalbnf.o)
    0x0800295e   0x00000030   Code   RO         4341    x$fpl$trapveneer    fz_ws.l(trapv.o)
    0x0800298e   0x00000000   Code   RO         4270    x$fpl$usenofp       fz_ws.l(usenofp.o)
    0x0800298e   0x00000002   PAD
    0x08002990   0x00000020   Data   RO         4401    Region$$Table       anon$$obj.o


    Execution Region ER_RW (Base: 0x20000000, Size: 0x0000004c, Max: 0xffffffff, ABSOLUTE)

    Base Addr    Size         Type   Attr      Idx    E Section Name        Object

    0x20000000   0x00000008   Data   RW            7    .data               main.o
    0x20000008   0x00000008   Data   RW          172    .data               sr04.o
    0x20000010   0x00000024   Data   RW          244    .data               usart.o
    0x20000034   0x00000004   Data   RW          324    .data               delay.o
    0x20000038   0x00000014   Data   RW         3982    .data               system_stm32f10x.o


    Execution Region ER_ZI (Base: 0x2000004c, Size: 0x00002e64, Max: 0xffffffff, ABSOLUTE)

    Base Addr    Size         Type   Attr      Idx    E Section Name        Object

    0x2000004c   0x00002800   Zero   RW          469    .bss                memman.o
    0x2000284c   0x00000060   Zero   RW         4274    .bss                c_w.l(libspace.o)
    0x200028ac   0x00000004   PAD
    0x200028b0   0x00000200   Zero   RW         3970    HEAP                startup_stm32f10x_md.o
    0x20002ab0   0x00000400   Zero   RW         3969    STACK               startup_stm32f10x_md.o


==============================================================================

Image component sizes


      Code (inc. data)   RO Data    RW Data    ZI Data      Debug   Object Name

       504         46          0          0          0       3575   batterymeasure.o
      1572        222          0          0          0      11827   ble.o
       148         40          0          4          0       2148   delay.o
       182         30          0          0          0       7423   dma_stm32f10x.o
      1332        576          0          8          0     246634   main.o
        84          8          0          0      10240       1945   memman.o
       100          6          0          0          0       1156   misc.o
       618         72          0          8          0       5075   sr04.o
        64         26        236          0       1536        876   startup_stm32f10x_md.o
       112          4          0          0          0       1172   stm32f10x_exti.o
         4          0          0          0          0       1625   stm32f10x_gpio.o
        24          6          0          0          0        621   stm32f10x_rcc.o
       268         42          0          0          0       7035   stm32f10x_tim.o
       240         24          0         20          0       2133   system_stm32f10x.o
       816         84          0         36          0      32531   usart.o

    ----------------------------------------------------------------------
      6096       1186        268         76      11776     325776   Object Totals
         0          0         32          0          0          0   (incl. Generated)
        28          0          0          0          0          0   (incl. Padding)

    ----------------------------------------------------------------------

      Code (inc. data)   RO Data    RW Data    ZI Data      Debug   Library Member Name

        56          6          0          0          0         88   __2snprintf.o
        44          6          0          0          0         84   __2sprintf.o
         8          0          0          0          0         68   __main.o
       104          0          0          0          0         84   __printf.o
         0          0          0          0          0          0   __rtentry.o
        12          0          0          0          0          0   __rtentry2.o
         6          0          0          0          0          0   __rtentry4.o
        52          8          0          0          0          0   __scatter.o
        26          0          0          0          0          0   __scatter_copy.o
        28          0          0          0          0          0   __scatter_zi.o
        48          6          0          0          0         96   _printf_char_common.o
         6          0          0          0          0          0   _printf_d.o
       120         16          0          0          0         92   _printf_dec.o
         6          0          0          0          0          0   _printf_i.o
       178          0          0          0          0         88   _printf_intcommon.o
         0          0          0          0          0          0   _printf_percent.o
         4          0          0          0          0          0   _printf_percent_end.o
        16          0          0          0          0         68   _snputc.o
        10          0          0          0          0         68   _sputc.o
        10          0          0          0          0         68   defsig_exit.o
        50          0          0          0          0         88   defsig_general.o
        80         58          0          0          0         76   defsig_rtmem_inner.o
        14          0          0          0          0         80   defsig_rtmem_outer.o
        18          0          0          0          0         80   exit.o
        94          0          0          0          0         80   h1_alloc.o
        52          0          0          0          0         68   h1_extend.o
        78          0          0          0          0         80   h1_free.o
        14          0          0          0          0         84   h1_init.o
         6          0          0          0          0        152   heapauxi.o
         4          0          0          0          0        136   hguard.o
         0          0          0          0          0          0   indicate_semi.o
       138          0          0          0          0        168   init_alloc.o
         2          0          0          0          0          0   libinit.o
        10          0          0          0          0          0   libinit2.o
         2          0          0          0          0          0   libshutdown.o
         2          0          0          0          0          0   libshutdown2.o
         8          4          0          0         96         68   libspace.o
         0          0          0          0          0          0   maybetermalloc1.o
         8          4          0          0          0         68   rt_heap_descriptor_intlibspace.o
        68          0          0          0          0         68   rt_memclr.o
        78          0          0          0          0         80   rt_memclr_w.o
         2          0          0          0          0          0   rtexit.o
        10          0          0          0          0          0   rtexit2.o
        24          0          0          0          0         68   strcat.o
        72          0          0          0          0         80   strcpy.o
        62          0          0          0          0         76   strlen.o
        86          0          0          0          0         76   strncpy.o
        36          0          0          0          0         80   strstr.o
        12          4          0          0          0         68   sys_exit.o
        74          0          0          0          0         80   sys_stackheap_outer.o
        14          0          0          0          0         76   sys_wrch.o
         2          0          0          0          0         68   use_no_semi.o
        98          4          0          0          0         92   d2f.o
        38          0          0          0          0         68   dflt_clz.o
       340         12          0          0          0        104   dmul.o
       156          4          0          0          0         92   dnaninf.o
        12          0          0          0          0         68   dretinf.o
       430          8          0          0          0        168   faddsub_clz.o
        12          4          0          0          0         68   fcheck1.o
        24          0          0          0          0         68   fcmpi.o
       388         76          0          0          0         96   fdiv.o
        54          4          0          0          0         84   ffix.o
        62          4          0          0          0         84   ffixu.o
        86          0          0          0          0        136   fflt_clz.o
       104          4          0          0          0         84   fleqf.o
       258          4          0          0          0         84   fmul.o
       140          4          0          0          0         84   fnaninf.o
        10          0          0          0          0         68   fretinf.o
       100          0          0          0          0         68   retnan.o
        76          0          0          0          0         68   scalbnf.o
        48          0          0          0          0         68   trapv.o
         0          0          0          0          0          0   usenofp.o

    ----------------------------------------------------------------------
      4308        240          0          0        100       4504   Library Totals
        18          0          0          0          4          0   (incl. Padding)

    ----------------------------------------------------------------------

      Code (inc. data)   RO Data    RW Data    ZI Data      Debug   Library Name

      1854        112          0          0         96       2852   c_w.l
      2436        128          0          0          0       1652   fz_ws.l

    ----------------------------------------------------------------------
      4308        240          0          0        100       4504   Library Totals

    ----------------------------------------------------------------------

==============================================================================


      Code (inc. data)   RO Data    RW Data    ZI Data      Debug   

     10404       1426        268         76      11876     323880   Grand Totals
     10404       1426        268         76      11876     323880   ELF Image Totals
     10404       1426        268         76          0          0   ROM Totals

==============================================================================

    Total RO  Size (Code + RO Data)                10672 (  10.42kB)
    Total RW  Size (RW Data + ZI Data)             11952 (  11.67kB)
    Total ROM Size (Code + RO Data + RW Data)      10748 (  10.50kB)

==============================================================================

